Archive member included to satisfy reference by file (symbol)

d:/microchip studio/7.0/toolchain/arm/arm-gnu-toolchain/bin/../lib/gcc/arm-none-eabi/6.3.1/thumb/v6-m\libgcc.a(_udivsi3.o)
                              src/ASF/common2/services/delay/sam0/systick_counter.o (__aeabi_uidiv)
d:/microchip studio/7.0/toolchain/arm/arm-gnu-toolchain/bin/../lib/gcc/arm-none-eabi/6.3.1/thumb/v6-m\libgcc.a(_divsi3.o)
                              src/ASF/thirdparty/fatfs/fatfs-r0.09/src/ff.o (__aeabi_idiv)
d:/microchip studio/7.0/toolchain/arm/arm-gnu-toolchain/bin/../lib/gcc/arm-none-eabi/6.3.1/thumb/v6-m\libgcc.a(_dvmd_tls.o)
                              d:/microchip studio/7.0/toolchain/arm/arm-gnu-toolchain/bin/../lib/gcc/arm-none-eabi/6.3.1/thumb/v6-m\libgcc.a(_udivsi3.o) (__aeabi_idiv0)
d:/microchip studio/7.0/toolchain/arm/arm-gnu-toolchain/bin/../lib/gcc/arm-none-eabi/6.3.1/thumb/v6-m\libgcc.a(_muldi3.o)
                              src/ASF/sam0/drivers/sercom/sercom.o (__aeabi_lmul)
d:/microchip studio/7.0/toolchain/arm/arm-gnu-toolchain/bin/../lib/gcc/arm-none-eabi/6.3.1/thumb/v6-m\libgcc.a(adddf3.o)
                              src/ASF/sam0/drivers/sercom/i2c/i2c_sam0/i2c_master.o (__aeabi_dadd)
d:/microchip studio/7.0/toolchain/arm/arm-gnu-toolchain/bin/../lib/gcc/arm-none-eabi/6.3.1/thumb/v6-m\libgcc.a(divdf3.o)
                              src/ASF/sam0/drivers/sercom/i2c/i2c_sam0/i2c_master.o (__aeabi_ddiv)
d:/microchip studio/7.0/toolchain/arm/arm-gnu-toolchain/bin/../lib/gcc/arm-none-eabi/6.3.1/thumb/v6-m\libgcc.a(muldf3.o)
                              src/ASF/sam0/drivers/sercom/i2c/i2c_sam0/i2c_master.o (__aeabi_dmul)
d:/microchip studio/7.0/toolchain/arm/arm-gnu-toolchain/bin/../lib/gcc/arm-none-eabi/6.3.1/thumb/v6-m\libgcc.a(subdf3.o)
                              src/ASF/sam0/drivers/sercom/i2c/i2c_sam0/i2c_master.o (__aeabi_dsub)
d:/microchip studio/7.0/toolchain/arm/arm-gnu-toolchain/bin/../lib/gcc/arm-none-eabi/6.3.1/thumb/v6-m\libgcc.a(fixdfsi.o)
                              src/ASF/sam0/drivers/sercom/i2c/i2c_sam0/i2c_master.o (__aeabi_d2iz)
d:/microchip studio/7.0/toolchain/arm/arm-gnu-toolchain/bin/../lib/gcc/arm-none-eabi/6.3.1/thumb/v6-m\libgcc.a(floatunsidf.o)
                              src/ASF/sam0/drivers/sercom/i2c/i2c_sam0/i2c_master.o (__aeabi_ui2d)
d:/microchip studio/7.0/toolchain/arm/arm-gnu-toolchain/bin/../lib/gcc/arm-none-eabi/6.3.1/thumb/v6-m\libgcc.a(_clzsi2.o)
                              d:/microchip studio/7.0/toolchain/arm/arm-gnu-toolchain/bin/../lib/gcc/arm-none-eabi/6.3.1/thumb/v6-m\libgcc.a(adddf3.o) (__clzsi2)
d:/microchip studio/7.0/toolchain/arm/arm-gnu-toolchain/bin/../lib/gcc/arm-none-eabi/6.3.1/../../../../arm-none-eabi/lib/thumb/v6-m\libc_nano.a(lib_a-exit.o)
                              d:/microchip studio/7.0/toolchain/arm/arm-gnu-toolchain/bin/../lib/gcc/arm-none-eabi/6.3.1/../../../../arm-none-eabi/lib/thumb/v6-m/crt0.o (exit)
d:/microchip studio/7.0/toolchain/arm/arm-gnu-toolchain/bin/../lib/gcc/arm-none-eabi/6.3.1/../../../../arm-none-eabi/lib/thumb/v6-m\libc_nano.a(lib_a-impure.o)
                              d:/microchip studio/7.0/toolchain/arm/arm-gnu-toolchain/bin/../lib/gcc/arm-none-eabi/6.3.1/../../../../arm-none-eabi/lib/thumb/v6-m\libc_nano.a(lib_a-exit.o) (_global_impure_ptr)
d:/microchip studio/7.0/toolchain/arm/arm-gnu-toolchain/bin/../lib/gcc/arm-none-eabi/6.3.1/../../../../arm-none-eabi/lib/thumb/v6-m\libc_nano.a(lib_a-init.o)
                              d:/microchip studio/7.0/toolchain/arm/arm-gnu-toolchain/bin/../lib/gcc/arm-none-eabi/6.3.1/../../../../arm-none-eabi/lib/thumb/v6-m/crt0.o (__libc_init_array)
d:/microchip studio/7.0/toolchain/arm/arm-gnu-toolchain/bin/../lib/gcc/arm-none-eabi/6.3.1/../../../../arm-none-eabi/lib/thumb/v6-m\libc_nano.a(lib_a-malloc.o)
                              src/SerialConsole/circular_buffer.o (malloc)
d:/microchip studio/7.0/toolchain/arm/arm-gnu-toolchain/bin/../lib/gcc/arm-none-eabi/6.3.1/../../../../arm-none-eabi/lib/thumb/v6-m\libc_nano.a(lib_a-memcpy-stub.o)
                              src/ASF/thirdparty/fatfs/fatfs-port-r0.09/diskio.o (memcpy)
d:/microchip studio/7.0/toolchain/arm/arm-gnu-toolchain/bin/../lib/gcc/arm-none-eabi/6.3.1/../../../../arm-none-eabi/lib/thumb/v6-m\libc_nano.a(lib_a-memset.o)
                              d:/microchip studio/7.0/toolchain/arm/arm-gnu-toolchain/bin/../lib/gcc/arm-none-eabi/6.3.1/../../../../arm-none-eabi/lib/thumb/v6-m/crt0.o (memset)
d:/microchip studio/7.0/toolchain/arm/arm-gnu-toolchain/bin/../lib/gcc/arm-none-eabi/6.3.1/../../../../arm-none-eabi/lib/thumb/v6-m\libc_nano.a(lib_a-nano-freer.o)
                              d:/microchip studio/7.0/toolchain/arm/arm-gnu-toolchain/bin/../lib/gcc/arm-none-eabi/6.3.1/../../../../arm-none-eabi/lib/thumb/v6-m\libc_nano.a(lib_a-malloc.o) (_free_r)
[...]
Memory Configuration

Name             Origin             Length             Attributes
rom              0x00000000         0x00040000         xr
ram              0x20000000         0x00008000         xrw
*default*        0x00000000         0xffffffff

Linker script and memory map

LOAD d:/microchip studio/7.0/toolchain/arm/arm-gnu-toolchain/bin/../lib/gcc/arm-none-eabi/6.3.1/thumb/v6-m/crti.o
LOAD d:/microchip studio/7.0/toolchain/arm/arm-gnu-toolchain/bin/../lib/gcc/arm-none-eabi/6.3.1/thumb/v6-m/crtbegin.o
LOAD d:/microchip studio/7.0/toolchain/arm/arm-gnu-toolchain/bin/../lib/gcc/arm-none-eabi/6.3.1/../../../../arm-none-eabi/lib/thumb/v6-m/crt0.o
LOAD src/ASF/common2/services/delay/sam0/systick_counter.o
LOAD src/Systick/Systick.o
LOAD src/ASF/common/services/crc32/crc32.o
LOAD src/ASF/sam0/boards/board_init.o
LOAD src/ASF/sam0/drivers/dsu/crc32/crc32.o
LOAD src/ASF/sam0/drivers/nvm/nvm.o
LOAD src/ASF/sam0/drivers/pac/pac_sam_d_r_h/pac.o
LOAD src/ASF/sam0/drivers/sercom/i2c/i2c_sam0/i2c_master.o
LOAD src/SD Card/SdCard.o
LOAD src/SerialConsole/circular_buffer.o
LOAD src/SerialConsole/SerialConsole.o
LOAD src/ASF/common2/components/memory/sd_mmc/sd_mmc.o
LOAD src/ASF/common2/components/memory/sd_mmc/sd_mmc_mem.o
LOAD src/ASF/common2/components/memory/sd_mmc/sd_mmc_spi.o
LOAD src/ASF/common/services/storage/ctrl_access/ctrl_access.o
LOAD src/ASF/common/utils/interrupt/interrupt_sam_nvic.o
LOAD src/ASF/sam0/drivers/port/port.o
LOAD src/ASF/sam0/drivers/rtc/rtc_sam_d_r_h/rtc_calendar.o
LOAD src/ASF/sam0/drivers/sercom/sercom.o
LOAD src/ASF/sam0/drivers/sercom/sercom_interrupt.o
LOAD src/ASF/sam0/drivers/sercom/spi/spi.o
LOAD src/ASF/sam0/drivers/sercom/spi/spi_interrupt.o
LOAD src/ASF/sam0/drivers/sercom/usart/usart.o
LOAD src/ASF/sam0/drivers/sercom/usart/usart_interrupt.o
LOAD src/ASF/sam0/drivers/system/clock/clock_samd21_r21_da_ha1/clock.o
LOAD src/ASF/sam0/drivers/system/clock/clock_samd21_r21_da_ha1/gclk.o
LOAD src/ASF/sam0/drivers/system/interrupt/system_interrupt.o
LOAD src/ASF/sam0/drivers/system/pinmux/pinmux.o
LOAD src/ASF/sam0/drivers/system/system.o
LOAD src/ASF/sam0/utils/cmsis/samd21/source/gcc/startup_samd21.o
LOAD src/ASF/sam0/utils/cmsis/samd21/source/system_samd21.o
LOAD src/ASF/sam0/utils/stdio/read.o
LOAD src/ASF/sam0/utils/stdio/write.o
LOAD src/ASF/sam0/utils/syscalls/gcc/syscalls.o
LOAD src/ASF/thirdparty/fatfs/fatfs-port-r0.09/diskio.o
LOAD src/ASF/thirdparty/fatfs/fatfs-port-r0.09/sam0/fattime_rtc.o
LOAD src/ASF/thirdparty/fatfs/fatfs-r0.09/src/ff.o
LOAD src/ASF/thirdparty/fatfs/fatfs-r0.09/src/option/ccsbcs.o
LOAD src/BootMain.o
START GROUP
LOAD ../src/ASF/thirdparty/CMSIS/Lib/GCC\libarm_cortexM0l_math.a
LOAD d:/microchip studio/7.0/toolchain/arm/arm-gnu-toolchain/bin/../lib/gcc/arm-none-eabi/6.3.1/../../../../arm-none-eabi/lib/thumb/v6-m\libm.a
END GROUP
                0x00002000                __stack_size__ = 0x2000
START GROUP
LOAD d:/microchip studio/7.0/toolchain/arm/arm-gnu-toolchain/bin/../lib/gcc/arm-none-eabi/6.3.1/thumb/v6-m\libgcc.a
LOAD d:/microchip studio/7.0/toolchain/arm/arm-gnu-toolchain/bin/../lib/gcc/arm-none-eabi/6.3.1/../../../../arm-none-eabi/lib/thumb/v6-m\libc_nano.a
END GROUP
START GROUP
LOAD d:/microchip studio/7.0/toolchain/arm/arm-gnu-toolchain/bin/../lib/gcc/arm-none-eabi/6.3.1/thumb/v6-m\libgcc.a
LOAD d:/microchip studio/7.0/toolchain/arm/arm-gnu-toolchain/bin/../lib/gcc/arm-none-eabi/6.3.1/../../../../arm-none-eabi/lib/thumb/v6-m\libc_nano.a
END GROUP
LOAD d:/microchip studio/7.0/toolchain/arm/arm-gnu-toolchain/bin/../lib/gcc/arm-none-eabi/6.3.1/thumb/v6-m/crtend.o
LOAD d:/microchip studio/7.0/toolchain/arm/arm-gnu-toolchain/bin/../lib/gcc/arm-none-eabi/6.3.1/thumb/v6-m/crtn.o
                0x00002000                STACK_SIZE = DEFINED (STACK_SIZE)?STACK_SIZE:DEFINED (__stack_size__)?__stack_size__:0x2000

.text           0x00000000     0xcfa4
                0x00000000                . = ALIGN (0x4)
                0x00000000                _sfixed = .
 *(.vectors .vectors.*)
 .vectors       0x00000000       0xb4 src/ASF/sam0/utils/cmsis/samd21/source/gcc/startup_samd21.o
                0x00000000                exception_table
 *(.text .text.* .gnu.linkonce.t.*)
 .text          0x000000b4       0x60 d:/microchip studio/7.0/toolchain/arm/arm-gnu-toolchain/bin/../lib/gcc/arm-none-eabi/6.3.1/thumb/v6-m/crtbegin.o
 .text.delay_cycles
                0x00000114       0x34 src/ASF/common2/services/delay/sam0/systick_counter.o
 .text.delay_init
                0x00000148       0x58 src/ASF/common2/services/delay/sam0/systick_counter.o
                0x00000148                delay_init
 .text.delay_cycles_ms
                0x000001a0       0x30 src/ASF/common2/services/delay/sam0/systick_counter.o
                0x000001a0                delay_cycles_ms
 .text.GetSystick
                0x000001d0       0x14 src/Systick/Systick.o
                0x000001d0                GetSystick
 .text.SysTick_Handler
                0x000001e4       0x18 src/Systick/Systick.o
                0x000001e4                SysTick_Handler
 .text.system_pinmux_get_group_from_gpio_pin
                0x000001fc       0x60 src/ASF/sam0/boards/board_init.o
 .text.port_get_group_from_gpio_pin
                0x0000025c       0x24 src/ASF/sam0/boards/board_init.o
 .text.port_get_config_defaults
                0x00000280       0x22 src/ASF/sam0/boards/board_init.o
 *fill*         0x000002a2        0x2 
 .text.port_pin_set_output_level
                0x000002a4       0x54 src/ASF/sam0/boards/board_init.o
 .text.system_board_init
                0x000002f8       0x50 src/ASF/sam0/boards/board_init.o
                0x000002f8                board_init
                0x000002f8                system_board_init
 .text.system_interrupt_enable_global
                0x00000348       0x1c src/ASF/sam0/drivers/dsu/crc32/crc32.o
 .text.system_interrupt_disable_global
                0x00000364       0x1c src/ASF/sam0/drivers/dsu/crc32/crc32.o
 .text.dsu_crc32_cal
                0x00000380       0xb8 src/ASF/sam0/drivers/dsu/crc32/crc32.o
                0x00000380                dsu_crc32_cal
 .text.nvm_is_ready
                0x00000438       0x28 src/ASF/sam0/drivers/nvm/nvm.o
 .text.system_apb_clock_set_mask
                0x00000460       0x5c src/ASF/sam0/drivers/nvm/nvm.o
 .text.nvm_set_config
                0x000004bc       0xd8 src/ASF/sam0/drivers/nvm/nvm.o
                0x000004bc                nvm_set_config
 .text.nvm_execute_command
                0x00000594      0x118 src/ASF/sam0/drivers/nvm/nvm.o
                0x00000594                nvm_execute_command
 .text.nvm_write_buffer
                0x000006ac      0x14c src/ASF/sam0/drivers/nvm/nvm.o
                0x000006ac                nvm_write_buffer
 .text.nvm_erase_row
                0x000007f8       0xa8 src/ASF/sam0/drivers/nvm/nvm.o
                0x000007f8                nvm_erase_row
 .text.system_apb_clock_set_mask
                0x000008a0       0x5c src/ASF/sam0/drivers/pac/pac_sam_d_r_h/pac.o
 .text.system_peripheral_lock
                0x000008fc       0x98 src/ASF/sam0/drivers/pac/pac_sam_d_r_h/pac.o
                0x000008fc                system_peripheral_lock
 .text.system_peripheral_unlock
                0x00000994       0x98 src/ASF/sam0/drivers/pac/pac_sam_d_r_h/pac.o
                0x00000994                system_peripheral_unlock
 .text.SdCard_Initiate
                0x00000a2c       0x6c src/SD Card/SdCard.o
                0x00000a2c                SdCard_Initiate
 .text.advance_pointer
                0x00000a98       0x60 src/SerialConsole/circular_buffer.o
 .text.retreat_pointer
                0x00000af8       0x34 src/SerialConsole/circular_buffer.o
 .text.circular_buf_init
                0x00000b2c       0x3c src/SerialConsole/circular_buffer.o
                0x00000b2c                circular_buf_init
 .text.circular_buf_reset
                0x00000b68       0x22 src/SerialConsole/circular_buffer.o
                0x00000b68                circular_buf_reset
 *fill*         0x00000b8a        0x2 
 .text.circular_buf_put
                0x00000b8c       0x34 src/SerialConsole/circular_buffer.o
                0x00000b8c                circular_buf_put
 .text.circular_buf_get
                0x00000bc0       0x54 src/SerialConsole/circular_buffer.o
                0x00000bc0                circular_buf_get
 .text.circular_buf_empty
                0x00000c14       0x38 src/SerialConsole/circular_buffer.o
                0x00000c14                circular_buf_empty
 .text.system_interrupt_enable
                0x00000c4c       0x2c src/SerialConsole/SerialConsole.o
 .text.system_interrupt_disable
                0x00000c78       0x30 src/SerialConsole/SerialConsole.o
 .text.usart_is_syncing
                0x00000ca8       0x20 src/SerialConsole/SerialConsole.o
 .text._usart_wait_for_sync
                0x00000cc8       0x24 src/SerialConsole/SerialConsole.o
 .text.usart_get_config_defaults
                0x00000cec       0xbe src/SerialConsole/SerialConsole.o
 *fill*         0x00000daa        0x2 
 .text.usart_enable
                0x00000dac       0x48 src/SerialConsole/SerialConsole.o
 .text.usart_disable
                0x00000df4       0x4c src/SerialConsole/SerialConsole.o
 .text.usart_enable_callback
                0x00000e40       0x36 src/SerialConsole/SerialConsole.o
 *fill*         0x00000e76        0x2 
 .text.usart_serial_putchar
                0x00000e78       0x34 src/SerialConsole/SerialConsole.o
 .text.usart_serial_getchar
                0x00000eac       0x40 src/SerialConsole/SerialConsole.o
 .text.stdio_serial_init
                0x00000eec       0x60 src/SerialConsole/SerialConsole.o
 .text.InitializeSerialConsole
                0x00000f4c       0x70 src/SerialConsole/SerialConsole.o
                0x00000f4c                InitializeSerialConsole
 .text.DeinitializeSerialConsole
                0x00000fbc       0x1c src/SerialConsole/SerialConsole.o
                0x00000fbc                DeinitializeSerialConsole
 .text.SerialConsoleWriteString
                0x00000fd8       0x8c src/SerialConsole/SerialConsole.o
                0x00000fd8                SerialConsoleWriteString
 .text.LogMessage
                0x00001064       0x1c src/SerialConsole/SerialConsole.o
                0x00001064                LogMessage
 .text.configure_usart
                0x00001080       0x88 src/SerialConsole/SerialConsole.o
 .text.configure_usart_callbacks
                0x00001108       0x4c src/SerialConsole/SerialConsole.o
 .text.usart_read_callback
                0x00001154       0x70 src/SerialConsole/SerialConsole.o
                0x00001154                usart_read_callback
 .text.usart_write_callback
                0x000011c4       0x44 src/SerialConsole/SerialConsole.o
                0x000011c4                usart_write_callback
 .text.SDMMC_UNSTUFF_BITS
                0x00001208      0x15c src/ASF/common2/components/memory/sd_mmc/sd_mmc.o
 .text.mmc_spi_op_cond
                0x00001364       0xac src/ASF/common2/components/memory/sd_mmc/sd_mmc.o
 .text.sd_spi_op_cond
                0x00001410       0xe4 src/ASF/common2/components/memory/sd_mmc/sd_mmc.o
 .text.sdio_op_cond
                0x000014f4        0xc src/ASF/common2/components/memory/sd_mmc/sd_mmc.o
 .text.sd_cmd8  0x00001500       0x70 src/ASF/common2/components/memory/sd_mmc/sd_mmc.o
 .text.mmc_cmd8
                0x00001570      0x12c src/ASF/common2/components/memory/sd_mmc/sd_mmc.o
 .text.sd_mmc_cmd9_spi
                0x0000169c       0x70 src/ASF/common2/components/memory/sd_mmc/sd_mmc.o
 .text.mmc_decode_csd
                0x0000170c      0x130 src/ASF/common2/components/memory/sd_mmc/sd_mmc.o
 .text.sd_decode_csd
                0x0000183c       0xec src/ASF/common2/components/memory/sd_mmc/sd_mmc.o
 .text.sd_mmc_cmd13
                0x00001928       0x5c src/ASF/common2/components/memory/sd_mmc/sd_mmc.o
 .text.sd_acmd51
                0x00001984      0x108 src/ASF/common2/components/memory/sd_mmc/sd_mmc.o
 .text.sd_mmc_select_slot
                0x00001a8c       0xc4 src/ASF/common2/components/memory/sd_mmc/sd_mmc.o
 .text.sd_mmc_configure_slot
                0x00001b50       0x38 src/ASF/common2/components/memory/sd_mmc/sd_mmc.o
 .text.sd_mmc_deselect_slot
                0x00001b88       0x24 src/ASF/common2/components/memory/sd_mmc/sd_mmc.o
 .text.sd_mmc_spi_card_init
                0x00001bac      0x1ac src/ASF/common2/components/memory/sd_mmc/sd_mmc.o
 .text.sd_mmc_spi_install_mmc
                0x00001d58      0x100 src/ASF/common2/components/memory/sd_mmc/sd_mmc.o
 .text.sd_mmc_init
                0x00001e58       0x50 src/ASF/common2/components/memory/sd_mmc/sd_mmc.o
                0x00001e58                sd_mmc_init
 .text.sd_mmc_check
                0x00001ea8       0x74 src/ASF/common2/components/memory/sd_mmc/sd_mmc.o
                0x00001ea8                sd_mmc_check
 .text.sd_mmc_get_type
                0x00001f1c       0x3c src/ASF/common2/components/memory/sd_mmc/sd_mmc.o
                0x00001f1c                sd_mmc_get_type
 .text.sd_mmc_get_capacity
                0x00001f58       0x3c src/ASF/common2/components/memory/sd_mmc/sd_mmc.o
                0x00001f58                sd_mmc_get_capacity
 .text.sd_mmc_is_write_protected
                0x00001f94       0x16 src/ASF/common2/components/memory/sd_mmc/sd_mmc.o
                0x00001f94                sd_mmc_is_write_protected
 *fill*         0x00001faa        0x2 
 .text.sd_mmc_init_read_blocks
                0x00001fac       0xec src/ASF/common2/components/memory/sd_mmc/sd_mmc.o
                0x00001fac                sd_mmc_init_read_blocks
 .text.sd_mmc_start_read_blocks
                0x00002098       0x58 src/ASF/common2/components/memory/sd_mmc/sd_mmc.o
                0x00002098                sd_mmc_start_read_blocks
 .text.sd_mmc_wait_end_of_read_blocks
                0x000020f0       0x98 src/ASF/common2/components/memory/sd_mmc/sd_mmc.o
                0x000020f0                sd_mmc_wait_end_of_read_blocks
 .text.sd_mmc_init_write_blocks
                0x00002188       0xe8 src/ASF/common2/components/memory/sd_mmc/sd_mmc.o
                0x00002188                sd_mmc_init_write_blocks
 .text.sd_mmc_start_write_blocks
                0x00002270       0x58 src/ASF/common2/components/memory/sd_mmc/sd_mmc.o
                0x00002270                sd_mmc_start_write_blocks
 .text.sd_mmc_wait_end_of_write_blocks
                0x000022c8       0x6c src/ASF/common2/components/memory/sd_mmc/sd_mmc.o
                0x000022c8                sd_mmc_wait_end_of_write_blocks
 .text.sd_mmc_test_unit_ready
                0x00002334       0x78 src/ASF/common2/components/memory/sd_mmc/sd_mmc_mem.o
                0x00002334                sd_mmc_test_unit_ready
 .text.sd_mmc_test_unit_ready_0
                0x000023ac       0x18 src/ASF/common2/components/memory/sd_mmc/sd_mmc_mem.o
                0x000023ac                sd_mmc_test_unit_ready_0
 .text.sd_mmc_read_capacity
                0x000023c4       0x40 src/ASF/common2/components/memory/sd_mmc/sd_mmc_mem.o
                0x000023c4                sd_mmc_read_capacity
 .text.sd_mmc_read_capacity_0
                0x00002404       0x20 src/ASF/common2/components/memory/sd_mmc/sd_mmc_mem.o
                0x00002404                sd_mmc_read_capacity_0
 .text.sd_mmc_unload
                0x00002424       0x2c src/ASF/common2/components/memory/sd_mmc/sd_mmc_mem.o
                0x00002424                sd_mmc_unload
 .text.sd_mmc_unload_0
                0x00002450       0x28 src/ASF/common2/components/memory/sd_mmc/sd_mmc_mem.o
                0x00002450                sd_mmc_unload_0
 .text.sd_mmc_wr_protect
                0x00002478       0x24 src/ASF/common2/components/memory/sd_mmc/sd_mmc_mem.o
                0x00002478                sd_mmc_wr_protect
 .text.sd_mmc_wr_protect_0
                0x0000249c       0x18 src/ASF/common2/components/memory/sd_mmc/sd_mmc_mem.o
                0x0000249c                sd_mmc_wr_protect_0
 .text.sd_mmc_removal
                0x000024b4       0x16 src/ASF/common2/components/memory/sd_mmc/sd_mmc_mem.o
                0x000024b4                sd_mmc_removal
 *fill*         0x000024ca        0x2 
 .text.sd_mmc_removal_0
                0x000024cc       0x18 src/ASF/common2/components/memory/sd_mmc/sd_mmc_mem.o
                0x000024cc                sd_mmc_removal_0
 .text.sd_mmc_mem_2_ram
                0x000024e4       0x6c src/ASF/common2/components/memory/sd_mmc/sd_mmc_mem.o
                0x000024e4                sd_mmc_mem_2_ram
 .text.sd_mmc_mem_2_ram_0
                0x00002550       0x24 src/ASF/common2/components/memory/sd_mmc/sd_mmc_mem.o
                0x00002550                sd_mmc_mem_2_ram_0
 .text.sd_mmc_ram_2_mem
                0x00002574       0x6c src/ASF/common2/components/memory/sd_mmc/sd_mmc_mem.o
                0x00002574                sd_mmc_ram_2_mem
 .text.sd_mmc_ram_2_mem_0
                0x000025e0       0x24 src/ASF/common2/components/memory/sd_mmc/sd_mmc_mem.o
                0x000025e0                sd_mmc_ram_2_mem_0
 .text.system_pinmux_get_group_from_gpio_pin
                0x00002604       0x60 src/ASF/common2/components/memory/sd_mmc/sd_mmc_spi.o
 .text.port_get_group_from_gpio_pin
                0x00002664       0x24 src/ASF/common2/components/memory/sd_mmc/sd_mmc_spi.o
 .text.port_get_config_defaults
                0x00002688       0x22 src/ASF/common2/components/memory/sd_mmc/sd_mmc_spi.o
 *fill*         0x000026aa        0x2 
 .text.port_pin_set_output_level
                0x000026ac       0x54 src/ASF/common2/components/memory/sd_mmc/sd_mmc_spi.o
 .text.system_interrupt_enable
                0x00002700       0x2c src/ASF/common2/components/memory/sd_mmc/sd_mmc_spi.o
 .text.spi_is_syncing
                0x0000272c       0x20 src/ASF/common2/components/memory/sd_mmc/sd_mmc_spi.o
 .text.spi_get_config_defaults
                0x0000274c       0x84 src/ASF/common2/components/memory/sd_mmc/sd_mmc_spi.o
 .text.spi_slave_inst_get_config_defaults
                0x000027d0       0x22 src/ASF/common2/components/memory/sd_mmc/sd_mmc_spi.o
 *fill*         0x000027f2        0x2 
 .text.spi_attach_slave
                0x000027f4       0x64 src/ASF/common2/components/memory/sd_mmc/sd_mmc_spi.o
 .text.spi_enable
                0x00002858       0x50 src/ASF/common2/components/memory/sd_mmc/sd_mmc_spi.o
 .text.sd_mmc_spi_crc7
                0x000028a8       0xbc src/ASF/common2/components/memory/sd_mmc/sd_mmc_spi.o
 .text.sd_mmc_spi_wait_busy
                0x00002964       0x6c src/ASF/common2/components/memory/sd_mmc/sd_mmc_spi.o
 .text.sd_mmc_spi_start_read_block
                0x000029d0       0x84 src/ASF/common2/components/memory/sd_mmc/sd_mmc_spi.o
 .text.sd_mmc_spi_stop_read_block
                0x00002a54       0x2c src/ASF/common2/components/memory/sd_mmc/sd_mmc_spi.o
 .text.sd_mmc_spi_start_write_block
                0x00002a80       0x50 src/ASF/common2/components/memory/sd_mmc/sd_mmc_spi.o
 .text.sd_mmc_spi_stop_write_block
                0x00002ad0       0x94 src/ASF/common2/components/memory/sd_mmc/sd_mmc_spi.o
 .text.sd_mmc_spi_stop_multiwrite_block
                0x00002b64       0x9c src/ASF/common2/components/memory/sd_mmc/sd_mmc_spi.o
 .text.sd_mmc_deinit
                0x00002c00       0x1c src/ASF/common2/components/memory/sd_mmc/sd_mmc_spi.o
                0x00002c00                sd_mmc_deinit
 .text.sd_mmc_spi_init
                0x00002c1c       0xc8 src/ASF/common2/components/memory/sd_mmc/sd_mmc_spi.o
                0x00002c1c                sd_mmc_spi_init
 .text.sd_mmc_spi_select_device
                0x00002ce4       0x88 src/ASF/common2/components/memory/sd_mmc/sd_mmc_spi.o
                0x00002ce4                sd_mmc_spi_select_device
 .text.sd_mmc_spi_deselect_device
                0x00002d6c       0x44 src/ASF/common2/components/memory/sd_mmc/sd_mmc_spi.o
                0x00002d6c                sd_mmc_spi_deselect_device
 .text.sd_mmc_spi_send_clock
                0x00002db0       0x4c src/ASF/common2/components/memory/sd_mmc/sd_mmc_spi.o
                0x00002db0                sd_mmc_spi_send_clock
 .text.sd_mmc_spi_send_cmd
                0x00002dfc       0x28 src/ASF/common2/components/memory/sd_mmc/sd_mmc_spi.o
                0x00002dfc                sd_mmc_spi_send_cmd
 .text.sd_mmc_spi_adtc_start
                0x00002e24      0x218 src/ASF/common2/components/memory/sd_mmc/sd_mmc_spi.o
                0x00002e24                sd_mmc_spi_adtc_start
 .text.sd_mmc_spi_get_response
                0x0000303c       0x14 src/ASF/common2/components/memory/sd_mmc/sd_mmc_spi.o
                0x0000303c                sd_mmc_spi_get_response
 .text.sd_mmc_spi_read_word
                0x00003050       0xa4 src/ASF/common2/components/memory/sd_mmc/sd_mmc_spi.o
                0x00003050                sd_mmc_spi_read_word
 .text.sd_mmc_spi_start_read_blocks
                0x000030f4       0xa4 src/ASF/common2/components/memory/sd_mmc/sd_mmc_spi.o
                0x000030f4                sd_mmc_spi_start_read_blocks
 .text.sd_mmc_spi_wait_end_of_read_blocks
                0x00003198        0xc src/ASF/common2/components/memory/sd_mmc/sd_mmc_spi.o
                0x00003198                sd_mmc_spi_wait_end_of_read_blocks
 .text.sd_mmc_spi_start_write_blocks
                0x000031a4       0xc0 src/ASF/common2/components/memory/sd_mmc/sd_mmc_spi.o
                0x000031a4                sd_mmc_spi_start_write_blocks
 .text.sd_mmc_spi_wait_end_of_write_blocks
                0x00003264       0x38 src/ASF/common2/components/memory/sd_mmc/sd_mmc_spi.o
                0x00003264                sd_mmc_spi_wait_end_of_write_blocks
 .text.mem_test_unit_ready
                0x0000329c       0x40 src/ASF/common/services/storage/ctrl_access/ctrl_access.o
                0x0000329c                mem_test_unit_ready
 .text.mem_read_capacity
                0x000032dc       0x4c src/ASF/common/services/storage/ctrl_access/ctrl_access.o
                0x000032dc                mem_read_capacity
 .text.mem_sector_size
                0x00003328       0x2a src/ASF/common/services/storage/ctrl_access/ctrl_access.o
                0x00003328                mem_sector_size
 *fill*         0x00003352        0x2 
 .text.mem_wr_protect
                0x00003354       0x48 src/ASF/common/services/storage/ctrl_access/ctrl_access.o
                0x00003354                mem_wr_protect
 .text.memory_2_ram
                0x0000339c       0x54 src/ASF/common/services/storage/ctrl_access/ctrl_access.o
                0x0000339c                memory_2_ram
 .text.ram_2_memory
                0x000033f0       0x54 src/ASF/common/services/storage/ctrl_access/ctrl_access.o
                0x000033f0                ram_2_memory
 .text.cpu_irq_enter_critical
                0x00003444       0x54 src/ASF/common/utils/interrupt/interrupt_sam_nvic.o
                0x00003444                cpu_irq_enter_critical
 .text.cpu_irq_leave_critical
                0x00003498       0x40 src/ASF/common/utils/interrupt/interrupt_sam_nvic.o
                0x00003498                cpu_irq_leave_critical
 .text.system_pinmux_get_config_defaults
                0x000034d8       0x28 src/ASF/sam0/drivers/port/port.o
 .text.port_pin_set_config
                0x00003500       0x60 src/ASF/sam0/drivers/port/port.o
                0x00003500                port_pin_set_config
 .text.system_gclk_chan_get_config_defaults
                0x00003560       0x16 src/ASF/sam0/drivers/rtc/rtc_sam_d_r_h/rtc_calendar.o
 *fill*         0x00003576        0x2 
 .text.system_apb_clock_set_mask
                0x00003578       0x5c src/ASF/sam0/drivers/rtc/rtc_sam_d_r_h/rtc_calendar.o
 .text.rtc_calendar_is_syncing
                0x000035d4       0x28 src/ASF/sam0/drivers/rtc/rtc_sam_d_r_h/rtc_calendar.o
 .text.rtc_calendar_enable
                0x000035fc       0x38 src/ASF/sam0/drivers/rtc/rtc_sam_d_r_h/rtc_calendar.o
                0x000035fc                rtc_calendar_enable
 .text.rtc_calendar_disable
                0x00003634       0x44 src/ASF/sam0/drivers/rtc/rtc_sam_d_r_h/rtc_calendar.o
                0x00003634                rtc_calendar_disable
 .text.rtc_calendar_reset
                0x00003678       0x44 src/ASF/sam0/drivers/rtc/rtc_sam_d_r_h/rtc_calendar.o
                0x00003678                rtc_calendar_reset
 .text.rtc_calendar_time_to_register_value
                0x000036bc       0x88 src/ASF/sam0/drivers/rtc/rtc_sam_d_r_h/rtc_calendar.o
                0x000036bc                rtc_calendar_time_to_register_value
 .text.rtc_calendar_register_value_to_time
                0x00003744       0xa0 src/ASF/sam0/drivers/rtc/rtc_sam_d_r_h/rtc_calendar.o
                0x00003744                rtc_calendar_register_value_to_time
 .text._rtc_calendar_set_config
                0x000037e4       0xc8 src/ASF/sam0/drivers/rtc/rtc_sam_d_r_h/rtc_calendar.o
 .text.rtc_calendar_init
                0x000038ac       0x94 src/ASF/sam0/drivers/rtc/rtc_sam_d_r_h/rtc_calendar.o
                0x000038ac                rtc_calendar_init
 .text.rtc_calendar_get_time
                0x00003940       0x8c src/ASF/sam0/drivers/rtc/rtc_sam_d_r_h/rtc_calendar.o
                0x00003940                rtc_calendar_get_time
 .text.rtc_calendar_set_alarm
                0x000039cc       0x74 src/ASF/sam0/drivers/rtc/rtc_sam_d_r_h/rtc_calendar.o
                0x000039cc                rtc_calendar_set_alarm
 .text.system_gclk_chan_get_config_defaults
                0x00003a40       0x16 src/ASF/sam0/drivers/sercom/sercom.o
 .text.long_division
                0x00003a56       0xe0 src/ASF/sam0/drivers/sercom/sercom.o
 .text._sercom_get_sync_baud_val
                0x00003b36       0x7c src/ASF/sam0/drivers/sercom/sercom.o
                0x00003b36                _sercom_get_sync_baud_val
 *fill*         0x00003bb2        0x2 
 .text._sercom_get_async_baud_val
                0x00003bb4      0x1c0 src/ASF/sam0/drivers/sercom/sercom.o
                0x00003bb4                _sercom_get_async_baud_val
 .text.sercom_set_gclk_generator
                0x00003d74       0x8c src/ASF/sam0/drivers/sercom/sercom.o
                0x00003d74                sercom_set_gclk_generator
 .text._sercom_get_default_pad
                0x00003e00      0x1bc src/ASF/sam0/drivers/sercom/sercom.o
                0x00003e00                _sercom_get_default_pad
 .text._sercom_get_sercom_inst_index
                0x00003fbc       0x50 src/ASF/sam0/drivers/sercom/sercom.o
                0x00003fbc                _sercom_get_sercom_inst_index
 .text._sercom_default_handler
                0x0000400c       0x14 src/ASF/sam0/drivers/sercom/sercom_interrupt.o
 .text._sercom_set_handler
                0x00004020       0x6c src/ASF/sam0/drivers/sercom/sercom_interrupt.o
                0x00004020                _sercom_set_handler
 .text._sercom_get_interrupt_vector
                0x0000408c       0x44 src/ASF/sam0/drivers/sercom/sercom_interrupt.o
                0x0000408c                _sercom_get_interrupt_vector
 .text.SERCOM0_Handler
                0x000040d0       0x18 src/ASF/sam0/drivers/sercom/sercom_interrupt.o
                0x000040d0                SERCOM0_Handler
 .text.SERCOM1_Handler
                0x000040e8       0x18 src/ASF/sam0/drivers/sercom/sercom_interrupt.o
                0x000040e8                SERCOM1_Handler
 .text.SERCOM2_Handler
                0x00004100       0x18 src/ASF/sam0/drivers/sercom/sercom_interrupt.o
                0x00004100                SERCOM2_Handler
 .text.SERCOM3_Handler
                0x00004118       0x18 src/ASF/sam0/drivers/sercom/sercom_interrupt.o
                0x00004118                SERCOM3_Handler
 .text.SERCOM4_Handler
                0x00004130       0x18 src/ASF/sam0/drivers/sercom/sercom_interrupt.o
                0x00004130                SERCOM4_Handler
 .text.SERCOM5_Handler
                0x00004148       0x18 src/ASF/sam0/drivers/sercom/sercom_interrupt.o
                0x00004148                SERCOM5_Handler
 .text.system_pinmux_get_config_defaults
                0x00004160       0x28 src/ASF/sam0/drivers/sercom/spi/spi.o
 .text.system_pinmux_get_group_from_gpio_pin
                0x00004188       0x60 src/ASF/sam0/drivers/sercom/spi/spi.o
 .text.port_get_group_from_gpio_pin
                0x000041e8       0x24 src/ASF/sam0/drivers/sercom/spi/spi.o
 .text.port_pin_set_output_level
                0x0000420c       0x54 src/ASF/sam0/drivers/sercom/spi/spi.o
 .text.system_gclk_chan_get_config_defaults
                0x00004260       0x16 src/ASF/sam0/drivers/sercom/spi/spi.o
 *fill*         0x00004276        0x2 
 .text.system_apb_clock_set_mask
                0x00004278       0x5c src/ASF/sam0/drivers/sercom/spi/spi.o
 .text.system_is_debugger_present
                0x000042d4       0x20 src/ASF/sam0/drivers/sercom/spi/spi.o
 .text.system_interrupt_enable
                0x000042f4       0x2c src/ASF/sam0/drivers/sercom/spi/spi.o
 .text.system_interrupt_disable
                0x00004320       0x30 src/ASF/sam0/drivers/sercom/spi/spi.o
 .text.spi_is_syncing
                0x00004350       0x20 src/ASF/sam0/drivers/sercom/spi/spi.o
 .text.spi_enable
                0x00004370       0x50 src/ASF/sam0/drivers/sercom/spi/spi.o
 .text.spi_disable
                0x000043c0       0x5c src/ASF/sam0/drivers/sercom/spi/spi.o
 .text.spi_is_write_complete
                0x0000441c       0x28 src/ASF/sam0/drivers/sercom/spi/spi.o
 .text.spi_is_ready_to_write
                0x00004444       0x28 src/ASF/sam0/drivers/sercom/spi/spi.o
 .text.spi_is_ready_to_read
                0x0000446c       0x28 src/ASF/sam0/drivers/sercom/spi/spi.o
 .text.spi_write
                0x00004494       0x48 src/ASF/sam0/drivers/sercom/spi/spi.o
 .text.spi_read
                0x000044dc       0x88 src/ASF/sam0/drivers/sercom/spi/spi.o
 .text.spi_reset
                0x00004564       0x40 src/ASF/sam0/drivers/sercom/spi/spi.o
                0x00004564                spi_reset
 .text.spi_set_baudrate
                0x000045a4       0xc8 src/ASF/sam0/drivers/sercom/spi/spi.o
                0x000045a4                spi_set_baudrate
 .text._spi_set_config
                0x0000466c      0x210 src/ASF/sam0/drivers/sercom/spi/spi.o
 .text.spi_init
                0x0000487c      0x190 src/ASF/sam0/drivers/sercom/spi/spi.o
                0x0000487c                spi_init
 .text.spi_read_buffer_wait
                0x00004a0c      0x134 src/ASF/sam0/drivers/sercom/spi/spi.o
                0x00004a0c                spi_read_buffer_wait
 .text.spi_select_slave
                0x00004b40       0xf0 src/ASF/sam0/drivers/sercom/spi/spi.o
                0x00004b40                spi_select_slave
 .text.spi_write_buffer_wait
                0x00004c30      0x14c src/ASF/sam0/drivers/sercom/spi/spi.o
                0x00004c30                spi_write_buffer_wait
 .text._spi_write
                0x00004d7c       0x7a src/ASF/sam0/drivers/sercom/spi/spi_interrupt.o
 *fill*         0x00004df6        0x2 
 .text._spi_write_dummy
                0x00004df8       0x34 src/ASF/sam0/drivers/sercom/spi/spi_interrupt.o
 .text._spi_read_dummy
                0x00004e2c       0x36 src/ASF/sam0/drivers/sercom/spi/spi_interrupt.o
 .text._spi_read
                0x00004e62       0x70 src/ASF/sam0/drivers/sercom/spi/spi_interrupt.o
 *fill*         0x00004ed2        0x2 
 .text._spi_interrupt_handler
                0x00004ed4      0x280 src/ASF/sam0/drivers/sercom/spi/spi_interrupt.o
                0x00004ed4                _spi_interrupt_handler
 .text.system_gclk_chan_get_config_defaults
                0x00005154       0x16 src/ASF/sam0/drivers/sercom/usart/usart.o
 *fill*         0x0000516a        0x2 
 .text.system_apb_clock_set_mask
                0x0000516c       0x5c src/ASF/sam0/drivers/sercom/usart/usart.o
 .text.system_pinmux_get_config_defaults
                0x000051c8       0x28 src/ASF/sam0/drivers/sercom/usart/usart.o
 .text.system_is_debugger_present
                0x000051f0       0x20 src/ASF/sam0/drivers/sercom/usart/usart.o
 .text.usart_is_syncing
                0x00005210       0x20 src/ASF/sam0/drivers/sercom/usart/usart.o
 .text._usart_wait_for_sync
                0x00005230       0x24 src/ASF/sam0/drivers/sercom/usart/usart.o
 .text._usart_set_config
                0x00005254      0x2dc src/ASF/sam0/drivers/sercom/usart/usart.o
 .text.usart_init
                0x00005530      0x274 src/ASF/sam0/drivers/sercom/usart/usart.o
                0x00005530                usart_init
 .text.usart_write_wait
                0x000057a4       0x64 src/ASF/sam0/drivers/sercom/usart/usart.o
                0x000057a4                usart_write_wait
 .text.usart_read_wait
                0x00005808       0xec src/ASF/sam0/drivers/sercom/usart/usart.o
                0x00005808                usart_read_wait
 .text.system_interrupt_enter_critical_section
                0x000058f4       0x14 src/ASF/sam0/drivers/sercom/usart/usart_interrupt.o
 .text.system_interrupt_leave_critical_section
                0x00005908       0x14 src/ASF/sam0/drivers/sercom/usart/usart_interrupt.o
 .text.usart_is_syncing
                0x0000591c       0x20 src/ASF/sam0/drivers/sercom/usart/usart_interrupt.o
 .text._usart_wait_for_sync
                0x0000593c       0x24 src/ASF/sam0/drivers/sercom/usart/usart_interrupt.o
 .text._usart_write_buffer
                0x00005960       0x5c src/ASF/sam0/drivers/sercom/usart/usart_interrupt.o
                0x00005960                _usart_write_buffer
 .text._usart_read_buffer
                0x000059bc       0x78 src/ASF/sam0/drivers/sercom/usart/usart_interrupt.o
                0x000059bc                _usart_read_buffer
 .text.usart_register_callback
                0x00005a34       0x48 src/ASF/sam0/drivers/sercom/usart/usart_interrupt.o
                0x00005a34                usart_register_callback
 .text.usart_write_buffer_job
                0x00005a7c       0x48 src/ASF/sam0/drivers/sercom/usart/usart_interrupt.o
                0x00005a7c                usart_write_buffer_job
 .text.usart_read_buffer_job
                0x00005ac4       0x48 src/ASF/sam0/drivers/sercom/usart/usart_interrupt.o
                0x00005ac4                usart_read_buffer_job
 .text.usart_get_job_status
                0x00005b0c       0x50 src/ASF/sam0/drivers/sercom/usart/usart_interrupt.o
                0x00005b0c                usart_get_job_status
 .text._usart_interrupt_handler
                0x00005b5c      0x340 src/ASF/sam0/drivers/sercom/usart/usart_interrupt.o
                0x00005b5c                _usart_interrupt_handler
 .text.system_gclk_gen_get_config_defaults
                0x00005e9c       0x2e src/ASF/sam0/drivers/system/clock/clock_samd21_r21_da_ha1/clock.o
 .text.system_gclk_chan_get_config_defaults
                0x00005eca       0x16 src/ASF/sam0/drivers/system/clock/clock_samd21_r21_da_ha1/clock.o
 .text.system_clock_source_xosc32k_get_config_defaults
                0x00005ee0       0x48 src/ASF/sam0/drivers/system/clock/clock_samd21_r21_da_ha1/clock.o
 .text.system_clock_source_osc8m_get_config_defaults
                0x00005f28       0x22 src/ASF/sam0/drivers/system/clock/clock_samd21_r21_da_ha1/clock.o
 .text.system_clock_source_dfll_get_config_defaults
                0x00005f4a       0x52 src/ASF/sam0/drivers/system/clock/clock_samd21_r21_da_ha1/clock.o
 .text.system_cpu_clock_set_divider
                0x00005f9c       0x20 src/ASF/sam0/drivers/system/clock/clock_samd21_r21_da_ha1/clock.o
 .text.system_apb_clock_set_divider
                0x00005fbc       0x54 src/ASF/sam0/drivers/system/clock/clock_samd21_r21_da_ha1/clock.o
 .text.system_flash_set_waitstates
                0x00006010       0x34 src/ASF/sam0/drivers/system/clock/clock_samd21_r21_da_ha1/clock.o
 .text._system_dfll_wait_for_sync
                0x00006044       0x1c src/ASF/sam0/drivers/system/clock/clock_samd21_r21_da_ha1/clock.o
 .text._system_clock_source_dfll_set_config_errata_9905
                0x00006060       0x44 src/ASF/sam0/drivers/system/clock/clock_samd21_r21_da_ha1/clock.o
 .text.system_clock_source_get_hz
                0x000060a4       0xc0 src/ASF/sam0/drivers/system/clock/clock_samd21_r21_da_ha1/clock.o
                0x000060a4                system_clock_source_get_hz
 .text.system_clock_source_osc8m_set_config
                0x00006164       0x78 src/ASF/sam0/drivers/system/clock/clock_samd21_r21_da_ha1/clock.o
                0x00006164                system_clock_source_osc8m_set_config
 .text.system_clock_source_xosc32k_set_config
                0x000061dc      0x120 src/ASF/sam0/drivers/system/clock/clock_samd21_r21_da_ha1/clock.o
                0x000061dc                system_clock_source_xosc32k_set_config
 .text.system_clock_source_dfll_set_config
                0x000062fc       0xd0 src/ASF/sam0/drivers/system/clock/clock_samd21_r21_da_ha1/clock.o
                0x000062fc                system_clock_source_dfll_set_config
 .text.system_clock_source_enable
                0x000063cc       0xac src/ASF/sam0/drivers/system/clock/clock_samd21_r21_da_ha1/clock.o
                0x000063cc                system_clock_source_enable
 .text.system_clock_source_is_ready
                0x00006478       0x84 src/ASF/sam0/drivers/system/clock/clock_samd21_r21_da_ha1/clock.o
                0x00006478                system_clock_source_is_ready
 .text._switch_peripheral_gclk
                0x000064fc       0x38 src/ASF/sam0/drivers/system/clock/clock_samd21_r21_da_ha1/clock.o
 .text.system_clock_init
                0x00006534      0x270 src/ASF/sam0/drivers/system/clock/clock_samd21_r21_da_ha1/clock.o
                0x00006534                system_clock_init
 .text.system_apb_clock_set_mask
                0x000067a4       0x5c src/ASF/sam0/drivers/system/clock/clock_samd21_r21_da_ha1/gclk.o
 .text.system_interrupt_enter_critical_section
                0x00006800       0x14 src/ASF/sam0/drivers/system/clock/clock_samd21_r21_da_ha1/gclk.o
 .text.system_interrupt_leave_critical_section
                0x00006814       0x14 src/ASF/sam0/drivers/system/clock/clock_samd21_r21_da_ha1/gclk.o
 .text.system_gclk_is_syncing
                0x00006828       0x20 src/ASF/sam0/drivers/system/clock/clock_samd21_r21_da_ha1/gclk.o
 .text.system_gclk_init
                0x00006848       0x30 src/ASF/sam0/drivers/system/clock/clock_samd21_r21_da_ha1/gclk.o
                0x00006848                system_gclk_init
 .text.system_gclk_gen_set_config
                0x00006878      0x124 src/ASF/sam0/drivers/system/clock/clock_samd21_r21_da_ha1/gclk.o
                0x00006878                system_gclk_gen_set_config
 .text.system_gclk_gen_enable
                0x0000699c       0x5c src/ASF/sam0/drivers/system/clock/clock_samd21_r21_da_ha1/gclk.o
                0x0000699c                system_gclk_gen_enable
 .text.system_gclk_gen_get_hz
                0x000069f8       0xd8 src/ASF/sam0/drivers/system/clock/clock_samd21_r21_da_ha1/gclk.o
                0x000069f8                system_gclk_gen_get_hz
 .text.system_gclk_chan_set_config
                0x00006ad0       0x44 src/ASF/sam0/drivers/system/clock/clock_samd21_r21_da_ha1/gclk.o
                0x00006ad0                system_gclk_chan_set_config
 .text.system_gclk_chan_enable
                0x00006b14       0x48 src/ASF/sam0/drivers/system/clock/clock_samd21_r21_da_ha1/gclk.o
                0x00006b14                system_gclk_chan_enable
 .text.system_gclk_chan_disable
                0x00006b5c       0x98 src/ASF/sam0/drivers/system/clock/clock_samd21_r21_da_ha1/gclk.o
                0x00006b5c                system_gclk_chan_disable
 .text.system_gclk_chan_get_hz
                0x00006bf4       0x58 src/ASF/sam0/drivers/system/clock/clock_samd21_r21_da_ha1/gclk.o
                0x00006bf4                system_gclk_chan_get_hz
 .text.system_pinmux_get_group_from_gpio_pin
                0x00006c4c       0x60 src/ASF/sam0/drivers/system/pinmux/pinmux.o
 .text._system_pinmux_config
                0x00006cac      0x110 src/ASF/sam0/drivers/system/pinmux/pinmux.o
 .text.system_pinmux_pin_set_config
                0x00006dbc       0x48 src/ASF/sam0/drivers/system/pinmux/pinmux.o
                0x00006dbc                system_pinmux_pin_set_config
 .text._system_dummy_init
                0x00006e04        0xa src/ASF/sam0/drivers/system/system.o
                0x00006e04                _system_extint_init
                0x00006e04                _system_events_init
                0x00006e04                _system_dummy_init
                0x00006e04                _system_divas_init
 *fill*         0x00006e0e        0x2 
 .text.system_init
                0x00006e10       0x34 src/ASF/sam0/drivers/system/system.o
                0x00006e10                system_init
 .text.Reset_Handler
                0x00006e44       0xf8 src/ASF/sam0/utils/cmsis/samd21/source/gcc/startup_samd21.o
                0x00006e44                Reset_Handler
 .text.Dummy_Handler
                0x00006f3c        0x6 src/ASF/sam0/utils/cmsis/samd21/source/gcc/startup_samd21.o
                0x00006f3c                DMAC_Handler
                0x00006f3c                HardFault_Handler
                0x00006f3c                AC_Handler
                0x00006f3c                PendSV_Handler
                0x00006f3c                NMI_Handler
                0x00006f3c                ADC_Handler
                0x00006f3c                TCC1_Handler
                0x00006f3c                TCC0_Handler
                0x00006f3c                RTC_Handler
                0x00006f3c                EIC_Handler
                0x00006f3c                WDT_Handler
                0x00006f3c                TC4_Handler
                0x00006f3c                USB_Handler
                0x00006f3c                TC3_Handler
                0x00006f3c                Dummy_Handler
                0x00006f3c                PM_Handler
                0x00006f3c                SVC_Handler
                0x00006f3c                TCC2_Handler
                0x00006f3c                EVSYS_Handler
                0x00006f3c                I2S_Handler
                0x00006f3c                NVMCTRL_Handler
                0x00006f3c                DAC_Handler
                0x00006f3c                PTC_Handler
                0x00006f3c                TC5_Handler
                0x00006f3c                SYSCTRL_Handler
 *fill*         0x00006f42        0x2 
 .text._read    0x00006f44       0x54 src/ASF/sam0/utils/stdio/read.o
                0x00006f44                _read
 .text._write   0x00006f98       0x6c src/ASF/sam0/utils/stdio/write.o
                0x00006f98                _write
 .text._sbrk    0x00007004       0x3c src/ASF/sam0/utils/syscalls/gcc/syscalls.o
                0x00007004                _sbrk
 .text._close   0x00007040       0x14 src/ASF/sam0/utils/syscalls/gcc/syscalls.o
                0x00007040                _close
 .text._fstat   0x00007054       0x1c src/ASF/sam0/utils/syscalls/gcc/syscalls.o
                0x00007054                _fstat
 .text._lseek   0x00007070       0x16 src/ASF/sam0/utils/syscalls/gcc/syscalls.o
                0x00007070                _lseek
 .text.rtc_calendar_get_time_defaults
                0x00007086       0x3c src/ASF/thirdparty/fatfs/fatfs-port-r0.09/diskio.o
 *fill*         0x000070c2        0x2 
 .text.rtc_calendar_get_config_defaults
                0x000070c4       0xa4 src/ASF/thirdparty/fatfs/fatfs-port-r0.09/diskio.o
 .text.configure_rtc_calendar
                0x00007168       0x94 src/ASF/thirdparty/fatfs/fatfs-port-r0.09/diskio.o
 .text.disk_initialize
                0x000071fc       0x84 src/ASF/thirdparty/fatfs/fatfs-port-r0.09/diskio.o
                0x000071fc                disk_initialize
 .text.disk_status
                0x00007280       0x38 src/ASF/thirdparty/fatfs/fatfs-port-r0.09/diskio.o
                0x00007280                disk_status
 .text.disk_read
                0x000072b8       0xd8 src/ASF/thirdparty/fatfs/fatfs-port-r0.09/diskio.o
                0x000072b8                disk_read
 .text.disk_write
                0x00007390       0xd8 src/ASF/thirdparty/fatfs/fatfs-port-r0.09/diskio.o
                0x00007390                disk_write
 .text.disk_ioctl
                0x00007468       0xf8 src/ASF/thirdparty/fatfs/fatfs-port-r0.09/diskio.o
                0x00007468                disk_ioctl
 .text.get_fattime
                0x00007560       0x60 src/ASF/thirdparty/fatfs/fatfs-port-r0.09/sam0/fattime_rtc.o
                0x00007560                get_fattime
 .text.mem_cpy  0x000075c0       0x38 src/ASF/thirdparty/fatfs/fatfs-r0.09/src/ff.o
 .text.mem_set  0x000075f8       0x30 src/ASF/thirdparty/fatfs/fatfs-r0.09/src/ff.o
 .text.mem_cmp  0x00007628       0x4a src/ASF/thirdparty/fatfs/fatfs-r0.09/src/ff.o
 .text.chk_chr  0x00007672       0x32 src/ASF/thirdparty/fatfs/fatfs-r0.09/src/ff.o
 .text.move_window
                0x000076a4       0xc8 src/ASF/thirdparty/fatfs/fatfs-r0.09/src/ff.o
 .text.sync     0x0000776c      0x198 src/ASF/thirdparty/fatfs/fatfs-r0.09/src/ff.o
 .text.clust2sect
                0x00007904       0x38 src/ASF/thirdparty/fatfs/fatfs-r0.09/src/ff.o
 .text.get_fat  0x0000793c      0x16c src/ASF/thirdparty/fatfs/fatfs-r0.09/src/ff.o
 .text.put_fat  0x00007aa8      0x23c src/ASF/thirdparty/fatfs/fatfs-r0.09/src/ff.o
 .text.remove_chain
                0x00007ce4       0xc8 src/ASF/thirdparty/fatfs/fatfs-r0.09/src/ff.o
 .text.create_chain
                0x00007dac      0x13c src/ASF/thirdparty/fatfs/fatfs-r0.09/src/ff.o
 .text.dir_sdi  0x00007ee8      0x130 src/ASF/thirdparty/fatfs/fatfs-r0.09/src/ff.o
 .text.dir_next
                0x00008018      0x1f0 src/ASF/thirdparty/fatfs/fatfs-r0.09/src/ff.o
 .text.cmp_lfn  0x00008208      0x104 src/ASF/thirdparty/fatfs/fatfs-r0.09/src/ff.o
 .text.pick_lfn
                0x0000830c       0xe4 src/ASF/thirdparty/fatfs/fatfs-r0.09/src/ff.o
 .text.fit_lfn  0x000083f0      0x110 src/ASF/thirdparty/fatfs/fatfs-r0.09/src/ff.o
 .text.gen_numname
                0x00008500      0x100 src/ASF/thirdparty/fatfs/fatfs-r0.09/src/ff.o
 .text.sum_sfn  0x00008600       0x4e src/ASF/thirdparty/fatfs/fatfs-r0.09/src/ff.o
 *fill*         0x0000864e        0x2 
 .text.dir_find
                0x00008650      0x1fc src/ASF/thirdparty/fatfs/fatfs-r0.09/src/ff.o
 .text.dir_read
                0x0000884c      0x1c4 src/ASF/thirdparty/fatfs/fatfs-r0.09/src/ff.o
 .text.dir_register
                0x00008a10      0x368 src/ASF/thirdparty/fatfs/fatfs-r0.09/src/ff.o
 .text.dir_remove
                0x00008d78       0xd8 src/ASF/thirdparty/fatfs/fatfs-r0.09/src/ff.o
 .text.create_name
                0x00008e50      0x448 src/ASF/thirdparty/fatfs/fatfs-r0.09/src/ff.o
 .text.get_fileinfo
                0x00009298      0x244 src/ASF/thirdparty/fatfs/fatfs-r0.09/src/ff.o
 .text.follow_path
                0x000094dc      0x138 src/ASF/thirdparty/fatfs/fatfs-r0.09/src/ff.o
 .text.check_fs
                0x00009614       0xd4 src/ASF/thirdparty/fatfs/fatfs-r0.09/src/ff.o
 .text.chk_mounted
                0x000096e8      0x5fc src/ASF/thirdparty/fatfs/fatfs-r0.09/src/ff.o
 .text.validate
                0x00009ce4       0x54 src/ASF/thirdparty/fatfs/fatfs-r0.09/src/ff.o
 .text.f_mount  0x00009d38       0x58 src/ASF/thirdparty/fatfs/fatfs-r0.09/src/ff.o
                0x00009d38                f_mount
 .text.f_open   0x00009d90      0x530 src/ASF/thirdparty/fatfs/fatfs-r0.09/src/ff.o
                0x00009d90                f_open
 .text.f_read   0x0000a2c0      0x29c src/ASF/thirdparty/fatfs/fatfs-r0.09/src/ff.o
                0x0000a2c0                f_read
 .text.f_write  0x0000a55c      0x350 src/ASF/thirdparty/fatfs/fatfs-r0.09/src/ff.o
                0x0000a55c                f_write
 .text.f_sync   0x0000a8ac      0x180 src/ASF/thirdparty/fatfs/fatfs-r0.09/src/ff.o
                0x0000a8ac                f_sync
 .text.f_close  0x0000aa2c       0x3c src/ASF/thirdparty/fatfs/fatfs-r0.09/src/ff.o
                0x0000aa2c                f_close
 .text.f_stat   0x0000aa68       0xb8 src/ASF/thirdparty/fatfs/fatfs-r0.09/src/ff.o
                0x0000aa68                f_stat
 .text.f_unlink
                0x0000ab20      0x260 src/ASF/thirdparty/fatfs/fatfs-r0.09/src/ff.o
                0x0000ab20                f_unlink
 .text.f_putc   0x0000ad80       0x48 src/ASF/thirdparty/fatfs/fatfs-r0.09/src/ff.o
                0x0000ad80                f_putc
 .text.f_puts   0x0000adc8       0x4c src/ASF/thirdparty/fatfs/fatfs-r0.09/src/ff.o
                0x0000adc8                f_puts
 .text.ff_convert
                0x0000ae14       0xac src/ASF/thirdparty/fatfs/fatfs-r0.09/src/option/ccsbcs.o
                0x0000ae14                ff_convert
 .text.ff_wtoupper
                0x0000aec0       0x60 src/ASF/thirdparty/fatfs/fatfs-r0.09/src/option/ccsbcs.o
                0x0000aec0                ff_wtoupper
 .text.NVIC_SystemReset
                0x0000af20       0x1c src/BootMain.o
 .text.system_apb_clock_set_mask
                0x0000af3c       0x5c src/BootMain.o
 .text.nvm_get_config_defaults
                0x0000af98       0x3c src/BootMain.o
 .text.system_reset
                0x0000afd4       0x14 src/BootMain.o
 .text.system_interrupt_enable_global
                0x0000afe8       0x1c src/BootMain.o
 .text.dsu_crc32_init
                0x0000b004       0x18 src/BootMain.o
 .text.main     0x0000b01c      0x1fc src/BootMain.o
                0x0000b01c                main
 .text.StartFilesystemAndTest
                0x0000b218      0x2a8 src/BootMain.o
 .text.jumpToApplication
                0x0000b4c0       0x38 src/BootMain.o
 .text.configure_nvm
                0x0000b4f8       0x2c src/BootMain.o
 .text.free_fw_mem
                0x0000b524       0xac src/BootMain.o
 .text.load_bin
                0x0000b5d0      0x1b8 src/BootMain.o
 .text          0x0000b788      0x114 d:/microchip studio/7.0/toolchain/arm/arm-gnu-toolchain/bin/../lib/gcc/arm-none-eabi/6.3.1/thumb/v6-m\libgcc.a(_udivsi3.o)
                0x0000b788                __aeabi_uidiv
                0x0000b788                __udivsi3
                0x0000b894                __aeabi_uidivmod
 .text          0x0000b89c      0x1d4 d:/microchip studio/7.0/toolchain/arm/arm-gnu-toolchain/bin/../lib/gcc/arm-none-eabi/6.3.1/thumb/v6-m\libgcc.a(_divsi3.o)
                0x0000b89c                __divsi3
                0x0000b89c                __aeabi_idiv
                0x0000ba68                __aeabi_idivmod
 .text          0x0000ba70        0x4 d:/microchip studio/7.0/toolchain/arm/arm-gnu-toolchain/bin/../lib/gcc/arm-none-eabi/6.3.1/thumb/v6-m\libgcc.a(_dvmd_tls.o)
                0x0000ba70                __aeabi_idiv0
                0x0000ba70                __aeabi_ldiv0
 .text          0x0000ba74       0x54 d:/microchip studio/7.0/toolchain/arm/arm-gnu-toolchain/bin/../lib/gcc/arm-none-eabi/6.3.1/thumb/v6-m\libgcc.a(_muldi3.o)
                0x0000ba74                __muldi3
                0x0000ba74                __aeabi_lmul
 .text.__libc_init_array
                0x0000bac8       0x48 d:/microchip studio/7.0/toolchain/arm/arm-gnu-toolchain/bin/../lib/gcc/arm-none-eabi/6.3.1/../../../../arm-none-eabi/lib/thumb/v6-m\libc_nano.a(lib_a-init.o)
                0x0000bac8                __libc_init_array
 .text.malloc   0x0000bb10       0x14 d:/microchip studio/7.0/toolchain/arm/arm-gnu-toolchain/bin/../lib/gcc/arm-none-eabi/6.3.1/../../../../arm-none-eabi/lib/thumb/v6-m\libc_nano.a(lib_a-malloc.o)
                0x0000bb10                malloc
 .text.memcpy   0x0000bb24       0x12 d:/microchip studio/7.0/toolchain/arm/arm-gnu-toolchain/bin/../lib/gcc/arm-none-eabi/6.3.1/../../../../arm-none-eabi/lib/thumb/v6-m\libc_nano.a(lib_a-memcpy-stub.o)
                0x0000bb24                memcpy
 .text.memset   0x0000bb36       0x10 d:/microchip studio/7.0/toolchain/arm/arm-gnu-toolchain/bin/../lib/gcc/arm-none-eabi/6.3.1/../../../../arm-none-eabi/lib/thumb/v6-m\libc_nano.a(lib_a-memset.o)
                0x0000bb36                memset
 *fill*         0x0000bb46        0x2 
 .text._free_r  0x0000bb48       0x94 d:/microchip studio/7.0/toolchain/arm/arm-gnu-toolchain/bin/../lib/gcc/arm-none-eabi/6.3.1/../../../../arm-none-eabi/lib/thumb/v6-m\libc_nano.a(lib_a-nano-freer.o)
                0x0000bb48                _free_r
 .text._malloc_r
                0x0000bbdc       0xbc d:/microchip studio/7.0/toolchain/arm/arm-gnu-toolchain/bin/../lib/gcc/arm-none-eabi/6.3.1/../../../../arm-none-eabi/lib/thumb/v6-m\libc_nano.a(lib_a-nano-mallocr.o)
                0x0000bbdc                _malloc_r
 .text._sbrk_r  0x0000bc98       0x24 d:/microchip studio/7.0/toolchain/arm/arm-gnu-toolchain/bin/../lib/gcc/arm-none-eabi/6.3.1/../../../../arm-none-eabi/lib/thumb/v6-m\libc_nano.a(lib_a-sbrkr.o)
                0x0000bc98                _sbrk_r
 .text.setbuf   0x0000bcbc       0x12 d:/microchip studio/7.0/toolchain/arm/arm-gnu-toolchain/bin/../lib/gcc/arm-none-eabi/6.3.1/../../../../arm-none-eabi/lib/thumb/v6-m\libc_nano.a(lib_a-setbuf.o)
                0x0000bcbc                setbuf
 *fill*         0x0000bcce        0x2 
 .text.setvbuf  0x0000bcd0      0x158 d:/microchip studio/7.0/toolchain/arm/arm-gnu-toolchain/bin/../lib/gcc/arm-none-eabi/6.3.1/../../../../arm-none-eabi/lib/thumb/v6-m\libc_nano.a(lib_a-setvbuf.o)
                0x0000bcd0                setvbuf
 .text          0x0000be28        0xe d:/microchip studio/7.0/toolchain/arm/arm-gnu-toolchain/bin/../lib/gcc/arm-none-eabi/6.3.1/../../../../arm-none-eabi/lib/thumb/v6-m\libc_nano.a(lib_a-strlen.o)
                0x0000be28                strlen
 *fill*         0x0000be36        0x2 
 .text.__sflush_r
                0x0000be38      0x114 d:/microchip studio/7.0/toolchain/arm/arm-gnu-toolchain/bin/../lib/gcc/arm-none-eabi/6.3.1/../../../../arm-none-eabi/lib/thumb/v6-m\libc_nano.a(lib_a-fflush.o)
                0x0000be38                __sflush_r
 .text._fflush_r
                0x0000bf4c       0x58 d:/microchip studio/7.0/toolchain/arm/arm-gnu-toolchain/bin/../lib/gcc/arm-none-eabi/6.3.1/../../../../arm-none-eabi/lib/thumb/v6-m\libc_nano.a(lib_a-fflush.o)
                0x0000bf4c                _fflush_r
 .text._cleanup_r
                0x0000bfa4       0x10 d:/microchip studio/7.0/toolchain/arm/arm-gnu-toolchain/bin/../lib/gcc/arm-none-eabi/6.3.1/../../../../arm-none-eabi/lib/thumb/v6-m\libc_nano.a(lib_a-findfp.o)
                0x0000bfa4                _cleanup_r
 .text.std.isra.0
                0x0000bfb4       0x48 d:/microchip studio/7.0/toolchain/arm/arm-gnu-toolchain/bin/../lib/gcc/arm-none-eabi/6.3.1/../../../../arm-none-eabi/lib/thumb/v6-m\libc_nano.a(lib_a-findfp.o)
 .text.__sfmoreglue
                0x0000bffc       0x2c d:/microchip studio/7.0/toolchain/arm/arm-gnu-toolchain/bin/../lib/gcc/arm-none-eabi/6.3.1/../../../../arm-none-eabi/lib/thumb/v6-m\libc_nano.a(lib_a-findfp.o)
                0x0000bffc                __sfmoreglue
 .text.__sinit  0x0000c028       0x68 d:/microchip studio/7.0/toolchain/arm/arm-gnu-toolchain/bin/../lib/gcc/arm-none-eabi/6.3.1/../../../../arm-none-eabi/lib/thumb/v6-m\libc_nano.a(lib_a-findfp.o)
                0x0000c028                __sinit
 .text.__sfp    0x0000c090       0x80 d:/microchip studio/7.0/toolchain/arm/arm-gnu-toolchain/bin/../lib/gcc/arm-none-eabi/6.3.1/../../../../arm-none-eabi/lib/thumb/v6-m\libc_nano.a(lib_a-findfp.o)
                0x0000c090                __sfp
 .text._fwalk_reent
                0x0000c110       0x42 d:/microchip studio/7.0/toolchain/arm/arm-gnu-toolchain/bin/../lib/gcc/arm-none-eabi/6.3.1/../../../../arm-none-eabi/lib/thumb/v6-m\libc_nano.a(lib_a-fwalk.o)
                0x0000c110                _fwalk_reent
 *fill*         0x0000c152        0x2 
 .text.__swhatbuf_r
                0x0000c154       0x50 d:/microchip studio/7.0/toolchain/arm/arm-gnu-toolchain/bin/../lib/gcc/arm-none-eabi/6.3.1/../../../../arm-none-eabi/lib/thumb/v6-m\libc_nano.a(lib_a-makebuf.o)
                0x0000c154                __swhatbuf_r
 .text.__malloc_lock
                0x0000c1a4        0x2 d:/microchip studio/7.0/toolchain/arm/arm-gnu-toolchain/bin/../lib/gcc/arm-none-eabi/6.3.1/../../../../arm-none-eabi/lib/thumb/v6-m\libc_nano.a(lib_a-mlock.o)
                0x0000c1a4                __malloc_lock
 .text.__malloc_unlock
                0x0000c1a6        0x2 d:/microchip studio/7.0/toolchain/arm/arm-gnu-toolchain/bin/../lib/gcc/arm-none-eabi/6.3.1/../../../../arm-none-eabi/lib/thumb/v6-m\libc_nano.a(lib_a-mlock.o)
                0x0000c1a6                __malloc_unlock
 .text.__sread  0x0000c1a8       0x28 d:/microchip studio/7.0/toolchain/arm/arm-gnu-toolchain/bin/../lib/gcc/arm-none-eabi/6.3.1/../../../../arm-none-eabi/lib/thumb/v6-m\libc_nano.a(lib_a-stdio.o)
                0x0000c1a8                __sread
 .text.__swrite
                0x0000c1d0       0x38 d:/microchip studio/7.0/toolchain/arm/arm-gnu-toolchain/bin/../lib/gcc/arm-none-eabi/6.3.1/../../../../arm-none-eabi/lib/thumb/v6-m\libc_nano.a(lib_a-stdio.o)
                0x0000c1d0                __swrite
 .text.__sseek  0x0000c208       0x2c d:/microchip studio/7.0/toolchain/arm/arm-gnu-toolchain/bin/../lib/gcc/arm-none-eabi/6.3.1/../../../../arm-none-eabi/lib/thumb/v6-m\libc_nano.a(lib_a-stdio.o)
                0x0000c208                __sseek
 .text.__sclose
                0x0000c234        0xc d:/microchip studio/7.0/toolchain/arm/arm-gnu-toolchain/bin/../lib/gcc/arm-none-eabi/6.3.1/../../../../arm-none-eabi/lib/thumb/v6-m\libc_nano.a(lib_a-stdio.o)
                0x0000c234                __sclose
 .text._write_r
                0x0000c240       0x28 d:/microchip studio/7.0/toolchain/arm/arm-gnu-toolchain/bin/../lib/gcc/arm-none-eabi/6.3.1/../../../../arm-none-eabi/lib/thumb/v6-m\libc_nano.a(lib_a-writer.o)
                0x0000c240                _write_r
 .text._close_r
                0x0000c268       0x24 d:/microchip studio/7.0/toolchain/arm/arm-gnu-toolchain/bin/../lib/gcc/arm-none-eabi/6.3.1/../../../../arm-none-eabi/lib/thumb/v6-m\libc_nano.a(lib_a-closer.o)
                0x0000c268                _close_r
 .text._fstat_r
                0x0000c28c       0x24 d:/microchip studio/7.0/toolchain/arm/arm-gnu-toolchain/bin/../lib/gcc/arm-none-eabi/6.3.1/../../../../arm-none-eabi/lib/thumb/v6-m\libc_nano.a(lib_a-fstatr.o)
                0x0000c28c                _fstat_r
 .text._lseek_r
                0x0000c2b0       0x28 d:/microchip studio/7.0/toolchain/arm/arm-gnu-toolchain/bin/../lib/gcc/arm-none-eabi/6.3.1/../../../../arm-none-eabi/lib/thumb/v6-m\libc_nano.a(lib_a-lseekr.o)
                0x0000c2b0                _lseek_r
 .text._read_r  0x0000c2d8       0x28 d:/microchip studio/7.0/toolchain/arm/arm-gnu-toolchain/bin/../lib/gcc/arm-none-eabi/6.3.1/../../../../arm-none-eabi/lib/thumb/v6-m\libc_nano.a(lib_a-readr.o)
                0x0000c2d8                _read_r
 *(.glue_7t)
 .glue_7t       0x0000c300        0x0 linker stubs
 *(.glue_7)
 .glue_7        0x0000c300        0x0 linker stubs
 *(.rodata .rodata* .gnu.linkonce.r.*)
 .rodata.nvm_execute_command
                0x0000c300      0x118 src/ASF/sam0/drivers/nvm/nvm.o
 .rodata.sd_mmc_trans_units
                0x0000c418       0x1c src/ASF/common2/components/memory/sd_mmc/sd_mmc.o
                0x0000c418                sd_mmc_trans_units
 .rodata.sd_trans_multipliers
                0x0000c434       0x40 src/ASF/common2/components/memory/sd_mmc/sd_mmc.o
                0x0000c434                sd_trans_multipliers
 .rodata.mmc_trans_multipliers
                0x0000c474       0x40 src/ASF/common2/components/memory/sd_mmc/sd_mmc.o
                0x0000c474                mmc_trans_multipliers
 .rodata        0x0000c4b4       0x15 src/ASF/common/services/storage/ctrl_access/ctrl_access.o
 *fill*         0x0000c4c9        0x3 
 .rodata.lun_desc
                0x0000c4cc       0x20 src/ASF/common/services/storage/ctrl_access/ctrl_access.o
 .rodata        0x0000c4ec       0x18 src/ASF/sam0/drivers/sercom/sercom.o
 .rodata        0x0000c504        0x6 src/ASF/sam0/drivers/sercom/sercom_interrupt.o
 *fill*         0x0000c50a        0x2 
 .rodata.system_clock_source_get_hz
                0x0000c50c       0x24 src/ASF/sam0/drivers/system/clock/clock_samd21_r21_da_ha1/clock.o
 .rodata.system_clock_source_enable
                0x0000c530       0x24 src/ASF/sam0/drivers/system/clock/clock_samd21_r21_da_ha1/clock.o
 .rodata.system_clock_source_is_ready
                0x0000c554       0x24 src/ASF/sam0/drivers/system/clock/clock_samd21_r21_da_ha1/clock.o
 .rodata.LfnOfs
                0x0000c578        0xd src/ASF/thirdparty/fatfs/fatfs-r0.09/src/ff.o
 *fill*         0x0000c585        0x3 
 .rodata        0x0000c588       0x48 src/ASF/thirdparty/fatfs/fatfs-r0.09/src/ff.o
 .rodata.excvt.4558
                0x0000c5d0       0x80 src/ASF/thirdparty/fatfs/fatfs-r0.09/src/ff.o
 .rodata.Tbl    0x0000c650      0x100 src/ASF/thirdparty/fatfs/fatfs-r0.09/src/option/ccsbcs.o
 .rodata.tbl_lower.4308
                0x0000c750      0x1e0 src/ASF/thirdparty/fatfs/fatfs-r0.09/src/option/ccsbcs.o
 .rodata.tbl_upper.4309
                0x0000c930      0x1e0 src/ASF/thirdparty/fatfs/fatfs-r0.09/src/option/ccsbcs.o
 .rodata        0x0000cb10      0x40f src/BootMain.o
 *fill*         0x0000cf1f        0x1 
 .rodata._global_impure_ptr
                0x0000cf20        0x4 d:/microchip studio/7.0/toolchain/arm/arm-gnu-toolchain/bin/../lib/gcc/arm-none-eabi/6.3.1/../../../../arm-none-eabi/lib/thumb/v6-m\libc_nano.a(lib_a-impure.o)
                0x0000cf20                _global_impure_ptr
 .rodata.__sf_fake_stderr
                0x0000cf24       0x20 d:/microchip studio/7.0/toolchain/arm/arm-gnu-toolchain/bin/../lib/gcc/arm-none-eabi/6.3.1/../../../../arm-none-eabi/lib/thumb/v6-m\libc_nano.a(lib_a-findfp.o)
                0x0000cf24                __sf_fake_stderr
 .rodata.__sf_fake_stdin
                0x0000cf44       0x20 d:/microchip studio/7.0/toolchain/arm/arm-gnu-toolchain/bin/../lib/gcc/arm-none-eabi/6.3.1/../../../../arm-none-eabi/lib/thumb/v6-m\libc_nano.a(lib_a-findfp.o)
                0x0000cf44                __sf_fake_stdin
 .rodata.__sf_fake_stdout
                0x0000cf64       0x20 d:/microchip studio/7.0/toolchain/arm/arm-gnu-toolchain/bin/../lib/gcc/arm-none-eabi/6.3.1/../../../../arm-none-eabi/lib/thumb/v6-m\libc_nano.a(lib_a-findfp.o)
                0x0000cf64                __sf_fake_stdout
 *(.ARM.extab* .gnu.linkonce.armextab.*)
                0x0000cf84                . = ALIGN (0x4)
 *(.init)
 .init          0x0000cf84        0x4 d:/microchip studio/7.0/toolchain/arm/arm-gnu-toolchain/bin/../lib/gcc/arm-none-eabi/6.3.1/thumb/v6-m/crti.o
                0x0000cf84                _init
 .init          0x0000cf88        0x8 d:/microchip studio/7.0/toolchain/arm/arm-gnu-toolchain/bin/../lib/gcc/arm-none-eabi/6.3.1/thumb/v6-m/crtn.o
                0x0000cf90                . = ALIGN (0x4)
                0x0000cf90                __preinit_array_start = .
 *(.preinit_array)
                0x0000cf90                __preinit_array_end = .
                0x0000cf90                . = ALIGN (0x4)
                0x0000cf90                __init_array_start = .
 *(SORT(.init_array.*))
 *(.init_array)
 .init_array    0x0000cf90        0x4 d:/microchip studio/7.0/toolchain/arm/arm-gnu-toolchain/bin/../lib/gcc/arm-none-eabi/6.3.1/thumb/v6-m/crtbegin.o
                0x0000cf94                __init_array_end = .
                0x0000cf94                . = ALIGN (0x4)
 *crtbegin.o(.ctors)
 *(EXCLUDE_FILE(*crtend.o) .ctors)
 *(SORT(.ctors.*))
 *crtend.o(.ctors)
                0x0000cf94                . = ALIGN (0x4)
 *(.fini)
 .fini          0x0000cf94        0x4 d:/microchip studio/7.0/toolchain/arm/arm-gnu-toolchain/bin/../lib/gcc/arm-none-eabi/6.3.1/thumb/v6-m/crti.o
                0x0000cf94                _fini
 .fini          0x0000cf98        0x8 d:/microchip studio/7.0/toolchain/arm/arm-gnu-toolchain/bin/../lib/gcc/arm-none-eabi/6.3.1/thumb/v6-m/crtn.o
                0x0000cfa0                . = ALIGN (0x4)
                0x0000cfa0                __fini_array_start = .
 *(.fini_array)
 .fini_array    0x0000cfa0        0x4 d:/microchip studio/7.0/toolchain/arm/arm-gnu-toolchain/bin/../lib/gcc/arm-none-eabi/6.3.1/thumb/v6-m/crtbegin.o
 *(SORT(.fini_array.*))
                0x0000cfa4                __fini_array_end = .
 *crtbegin.o(.dtors)
 *(EXCLUDE_FILE(*crtend.o) .dtors)
 *(SORT(.dtors.*))
 *crtend.o(.dtors)
                0x0000cfa4                . = ALIGN (0x4)
                0x0000cfa4                _efixed = .
                [!provide]                PROVIDE (__exidx_start, .)

.vfp11_veneer   0x0000cfa4        0x0
 .vfp11_veneer  0x0000cfa4        0x0 linker stubs

.v4_bx          0x0000cfa4        0x0
 .v4_bx         0x0000cfa4        0x0 linker stubs

.iplt           0x0000cfa4        0x0
 .iplt          0x0000cfa4        0x0 d:/microchip studio/7.0/toolchain/arm/arm-gnu-toolchain/bin/../lib/gcc/arm-none-eabi/6.3.1/thumb/v6-m/crtbegin.o

.eh_frame       0x0000cfa4        0x0
 .eh_frame      0x0000cfa4        0x0 d:/microchip studio/7.0/toolchain/arm/arm-gnu-toolchain/bin/../lib/gcc/arm-none-eabi/6.3.1/thumb/v6-m/crtbegin.o

.rel.dyn        0x0000cfa4        0x0
 .rel.iplt      0x0000cfa4        0x0 d:/microchip studio/7.0/toolchain/arm/arm-gnu-toolchain/bin/../lib/gcc/arm-none-eabi/6.3.1/thumb/v6-m/crtbegin.o

.jcr            0x0000cfa4        0x0
 .jcr           0x0000cfa4        0x0 d:/microchip studio/7.0/toolchain/arm/arm-gnu-toolchain/bin/../lib/gcc/arm-none-eabi/6.3.1/thumb/v6-m/crtbegin.o

.igot.plt       0x0000cfa4        0x0
 .igot.plt      0x0000cfa4        0x0 d:/microchip studio/7.0/toolchain/arm/arm-gnu-toolchain/bin/../lib/gcc/arm-none-eabi/6.3.1/thumb/v6-m/crtbegin.o

.ARM.exidx
 *(.ARM.exidx* .gnu.linkonce.armexidx.*)
                [!provide]                PROVIDE (__exidx_end, .)
                0x0000cfa4                . = ALIGN (0x4)
                0x0000cfa4                _etext = .

.relocate       0x20000000       0xa8 load address 0x0000cfa4
                0x20000000                . = ALIGN (0x4)
                0x20000000                _srelocate = .
 *(.ramfunc .ramfunc.*)
 *(.data .data.*)
 .data.cycles_per_ms
                0x20000000        0x4 src/ASF/common2/services/delay/sam0/systick_counter.o
 .data.cycles_per_us
                0x20000004        0x4 src/ASF/common2/services/delay/sam0/systick_counter.o
 .data.ss_pins  0x20000008        0x1 src/ASF/common2/components/memory/sd_mmc/sd_mmc_spi.o
                0x20000008                ss_pins
 .data.g_interrupt_enabled
                0x20000009        0x1 src/ASF/common/utils/interrupt/interrupt_sam_nvic.o
                0x20000009                g_interrupt_enabled
 *fill*         0x2000000a        0x2 
 .data.test_file_name
                0x2000000c        0xe src/BootMain.o
                0x2000000c                test_file_name
 *fill*         0x2000001a        0x2 
 .data.test_bin_file
                0x2000001c       0x10 src/BootMain.o
                0x2000001c                test_bin_file
 .data.flag_A   0x2000002c        0xc src/BootMain.o
                0x2000002c                flag_A
 .data.bin_file
                0x20000038        0x9 src/BootMain.o
                0x20000038                bin_file
 *fill*         0x20000041        0x3 
 .data._impure_ptr
                0x20000044        0x4 d:/microchip studio/7.0/toolchain/arm/arm-gnu-toolchain/bin/../lib/gcc/arm-none-eabi/6.3.1/../../../../arm-none-eabi/lib/thumb/v6-m\libc_nano.a(lib_a-impure.o)
                0x20000044                _impure_ptr
 .data.impure_data
                0x20000048       0x60 d:/microchip studio/7.0/toolchain/arm/arm-gnu-toolchain/bin/../lib/gcc/arm-none-eabi/6.3.1/../../../../arm-none-eabi/lib/thumb/v6-m\libc_nano.a(lib_a-impure.o)
                0x200000a8                . = ALIGN (0x4)
                0x200000a8                _erelocate = .

.bss            0x200000a8      0xc40 load address 0x0000d04c
                0x200000a8                . = ALIGN (0x4)
                0x200000a8                _sbss = .
                0x200000a8                _szero = .
 *(.bss .bss.*)
 .bss           0x200000a8       0x1c d:/microchip studio/7.0/toolchain/arm/arm-gnu-toolchain/bin/../lib/gcc/arm-none-eabi/6.3.1/thumb/v6-m/crtbegin.o
 .bss.ul_tickcount
                0x200000c4        0x4 src/Systick/Systick.o
 .bss._nvm_dev  0x200000c8        0x6 src/ASF/sam0/drivers/nvm/nvm.o
 *fill*         0x200000ce        0x2 
 .bss.sd_mmc_cards
                0x200000d0       0x20 src/ASF/common2/components/memory/sd_mmc/sd_mmc.o
 .bss.sd_mmc_slot_sel
                0x200000f0        0x1 src/ASF/common2/components/memory/sd_mmc/sd_mmc.o
 *fill*         0x200000f1        0x3 
 .bss.sd_mmc_card
                0x200000f4        0x4 src/ASF/common2/components/memory/sd_mmc/sd_mmc.o
 .bss.sd_mmc_nb_block_to_tranfer
                0x200000f8        0x2 src/ASF/common2/components/memory/sd_mmc/sd_mmc.o
 .bss.sd_mmc_nb_block_remaining
                0x200000fa        0x2 src/ASF/common2/components/memory/sd_mmc/sd_mmc.o
 .bss.sd_mmc_ejected
                0x200000fc        0x2 src/ASF/common2/components/memory/sd_mmc/sd_mmc_mem.o
 *fill*         0x200000fe        0x2 
 .bss.sd_mmc_master
                0x20000100       0x3c src/ASF/common2/components/memory/sd_mmc/sd_mmc_spi.o
 .bss.sd_mmc_spi_devices
                0x2000013c        0x3 src/ASF/common2/components/memory/sd_mmc/sd_mmc_spi.o
 *fill*         0x2000013f        0x1 
 .bss.slave_configs
                0x20000140        0x3 src/ASF/common2/components/memory/sd_mmc/sd_mmc_spi.o
 .bss.sd_mmc_spi_err
                0x20000143        0x1 src/ASF/common2/components/memory/sd_mmc/sd_mmc_spi.o
 .bss.sd_mmc_spi_response_32
                0x20000144        0x4 src/ASF/common2/components/memory/sd_mmc/sd_mmc_spi.o
 .bss.sd_mmc_spi_transfert_pos
                0x20000148        0x4 src/ASF/common2/components/memory/sd_mmc/sd_mmc_spi.o
 .bss.sd_mmc_spi_block_size
                0x2000014c        0x2 src/ASF/common2/components/memory/sd_mmc/sd_mmc_spi.o
 .bss.sd_mmc_spi_nb_block
                0x2000014e        0x2 src/ASF/common2/components/memory/sd_mmc/sd_mmc_spi.o
 .bss.cpu_irq_critical_section_counter
                0x20000150        0x4 src/ASF/common/utils/interrupt/interrupt_sam_nvic.o
 .bss.cpu_irq_prev_interrupt_state
                0x20000154        0x1 src/ASF/common/utils/interrupt/interrupt_sam_nvic.o
 *fill*         0x20000155        0x3 
 .bss._sercom_config
                0x20000158        0x2 src/ASF/sam0/drivers/sercom/sercom.o
 .bss._handler_table_initialized
                0x2000015a        0x1 src/ASF/sam0/drivers/sercom/sercom_interrupt.o
 *fill*         0x2000015b        0x1 
 .bss._sercom_interrupt_handlers
                0x2000015c       0x18 src/ASF/sam0/drivers/sercom/sercom_interrupt.o
 .bss._system_clock_inst
                0x20000174       0x18 src/ASF/sam0/drivers/system/clock/clock_samd21_r21_da_ha1/clock.o
 .bss.heap.5296
                0x2000018c        0x4 src/ASF/sam0/utils/syscalls/gcc/syscalls.o
 .bss.FatFs     0x20000190        0x4 src/ASF/thirdparty/fatfs/fatfs-r0.09/src/ff.o
 .bss.Fsid      0x20000194        0x2 src/ASF/thirdparty/fatfs/fatfs-r0.09/src/ff.o
 *fill*         0x20000196        0x2 
 .bss.fno.13802
                0x20000198       0x20 src/BootMain.o
 .bss.__malloc_free_list
                0x200001b8        0x4 d:/microchip studio/7.0/toolchain/arm/arm-gnu-toolchain/bin/../lib/gcc/arm-none-eabi/6.3.1/../../../../arm-none-eabi/lib/thumb/v6-m\libc_nano.a(lib_a-nano-mallocr.o)
                0x200001b8                __malloc_free_list
 .bss.__malloc_sbrk_start
                0x200001bc        0x4 d:/microchip studio/7.0/toolchain/arm/arm-gnu-toolchain/bin/../lib/gcc/arm-none-eabi/6.3.1/../../../../arm-none-eabi/lib/thumb/v6-m\libc_nano.a(lib_a-nano-mallocr.o)
                0x200001bc                __malloc_sbrk_start
 *(COMMON)
 COMMON         0x200001c0      0x844 src/SerialConsole/SerialConsole.o
                0x200001c0                usart_instance
                0x200001f4                cbufRx
                0x200001f8                latestRx
                0x200001fc                txCharacterBuffer
                0x200005fc                rxCharacterBuffer
                0x200009fc                latestTx
                0x20000a00                cbufTx
 COMMON         0x20000a04        0x4 src/ASF/sam0/drivers/rtc/rtc_sam_d_r_h/rtc_calendar.o
                0x20000a04                _rtc_instance
 COMMON         0x20000a08       0x18 src/ASF/sam0/drivers/sercom/sercom_interrupt.o
                0x20000a08                _sercom_instances
 COMMON         0x20000a20        0x2 src/ASF/sam0/drivers/sercom/spi/spi_interrupt.o
                0x20000a20                dummy_write
 *fill*         0x20000a22        0x2 
 COMMON         0x20000a24        0x4 src/ASF/sam0/utils/stdio/read.o
                0x20000a24                ptr_get
 COMMON         0x20000a28        0x8 src/ASF/sam0/utils/stdio/write.o
                0x20000a28                ptr_put
                0x20000a2c                stdio_base
 COMMON         0x20000a30        0x8 src/ASF/thirdparty/fatfs/fatfs-port-r0.09/diskio.o
                0x20000a30                rtc_instance
 COMMON         0x20000a38      0x2aa src/BootMain.o
                0x20000a38                fs
                0x20000c68                file_object
                0x20000c8c                cdc_uart_module
                0x20000cc0                fnoBin
                0x20000ce0                res
                0x20000ce1                status
 *fill*         0x20000ce2        0x2 
 COMMON         0x20000ce4        0x4 d:/microchip studio/7.0/toolchain/arm/arm-gnu-toolchain/bin/../lib/gcc/arm-none-eabi/6.3.1/../../../../arm-none-eabi/lib/thumb/v6-m\libc_nano.a(lib_a-reent.o)
                0x20000ce4                errno
                0x20000ce8                . = ALIGN (0x4)
                0x20000ce8                _ebss = .
                0x20000ce8                _ezero = .

.stack          0x20000ce8     0x2000 load address 0x0000dc8c
                0x20000ce8                . = ALIGN (0x8)
                0x20000ce8                _sstack = .
                0x20002ce8                . = (. + STACK_SIZE)
 *fill*         0x20000ce8     0x2000 
                0x20002ce8                . = ALIGN (0x8)
                0x20002ce8                _estack = .
                0x20002ce8                . = ALIGN (0x4)
                0x20002ce8                _end = .
OUTPUT(ESE516 BOOTLOADER.elf elf32-littlearm)

.ARM.attributes
                0x00000000       0x28
 .ARM.attributes
                0x00000000       0x1e d:/microchip studio/7.0/toolchain/arm/arm-gnu-toolchain/bin/../lib/gcc/arm-none-eabi/6.3.1/thumb/v6-m/crti.o
 .ARM.attributes
                0x0000001e       0x2c d:/microchip studio/7.0/toolchain/arm/arm-gnu-toolchain/bin/../lib/gcc/arm-none-eabi/6.3.1/thumb/v6-m/crtbegin.o
 .ARM.attributes
                0x0000004a       0x32 src/ASF/common2/services/delay/sam0/systick_counter.o
 .ARM.attributes
                0x0000007c       0x32 src/Systick/Systick.o
 .ARM.attributes
                0x000000ae       0x32 src/ASF/sam0/boards/board_init.o
 .ARM.attributes
                0x000000e0       0x32 src/ASF/sam0/drivers/dsu/crc32/crc32.o
 .ARM.attributes
                0x00000112       0x32 src/ASF/sam0/drivers/nvm/nvm.o
 .ARM.attributes
                0x00000144       0x32 src/ASF/sam0/drivers/pac/pac_sam_d_r_h/pac.o
 .ARM.attributes
                0x00000176       0x32 src/SD Card/SdCard.o
 .ARM.attributes
                0x000001a8       0x32 src/SerialConsole/circular_buffer.o
 .ARM.attributes
                0x000001da       0x32 src/SerialConsole/SerialConsole.o
 .ARM.attributes
                0x0000020c       0x32 src/ASF/common2/components/memory/sd_mmc/sd_mmc.o
 .ARM.attributes
                0x0000023e       0x32 src/ASF/common2/components/memory/sd_mmc/sd_mmc_mem.o
 .ARM.attributes
                0x00000270       0x32 src/ASF/common2/components/memory/sd_mmc/sd_mmc_spi.o
 .ARM.attributes
                0x000002a2       0x32 src/ASF/common/services/storage/ctrl_access/ctrl_access.o
 .ARM.attributes
                0x000002d4       0x32 src/ASF/common/utils/interrupt/interrupt_sam_nvic.o
 .ARM.attributes
                0x00000306       0x32 src/ASF/sam0/drivers/port/port.o
 .ARM.attributes
                0x00000338       0x32 src/ASF/sam0/drivers/rtc/rtc_sam_d_r_h/rtc_calendar.o
 .ARM.attributes
                0x0000036a       0x32 src/ASF/sam0/drivers/sercom/sercom.o
 .ARM.attributes
                0x0000039c       0x32 src/ASF/sam0/drivers/sercom/sercom_interrupt.o
 .ARM.attributes
                0x000003ce       0x32 src/ASF/sam0/drivers/sercom/spi/spi.o
 .ARM.attributes
                0x00000400       0x32 src/ASF/sam0/drivers/sercom/spi/spi_interrupt.o
 .ARM.attributes
                0x00000432       0x32 src/ASF/sam0/drivers/sercom/usart/usart.o
 .ARM.attributes
                0x00000464       0x32 src/ASF/sam0/drivers/sercom/usart/usart_interrupt.o
 .ARM.attributes
                0x00000496       0x32 src/ASF/sam0/drivers/system/clock/clock_samd21_r21_da_ha1/clock.o
 .ARM.attributes
                0x000004c8       0x32 src/ASF/sam0/drivers/system/clock/clock_samd21_r21_da_ha1/gclk.o
 .ARM.attributes
                0x000004fa       0x32 src/ASF/sam0/drivers/system/pinmux/pinmux.o
 .ARM.attributes
                0x0000052c       0x32 src/ASF/sam0/drivers/system/system.o
 .ARM.attributes
                0x0000055e       0x32 src/ASF/sam0/utils/cmsis/samd21/source/gcc/startup_samd21.o
 .ARM.attributes
                0x00000590       0x32 src/ASF/sam0/utils/stdio/read.o
 .ARM.attributes
                0x000005c2       0x32 src/ASF/sam0/utils/stdio/write.o
 .ARM.attributes
                0x000005f4       0x32 src/ASF/sam0/utils/syscalls/gcc/syscalls.o
 .ARM.attributes
                0x00000626       0x32 src/ASF/thirdparty/fatfs/fatfs-port-r0.09/diskio.o
 .ARM.attributes
                0x00000658       0x32 src/ASF/thirdparty/fatfs/fatfs-port-r0.09/sam0/fattime_rtc.o
 .ARM.attributes
                0x0000068a       0x32 src/ASF/thirdparty/fatfs/fatfs-r0.09/src/ff.o
 .ARM.attributes
                0x000006bc       0x32 src/ASF/thirdparty/fatfs/fatfs-r0.09/src/option/ccsbcs.o
 .ARM.attributes
                0x000006ee       0x32 src/BootMain.o
 .ARM.attributes
                0x00000720       0x1e d:/microchip studio/7.0/toolchain/arm/arm-gnu-toolchain/bin/../lib/gcc/arm-none-eabi/6.3.1/thumb/v6-m\libgcc.a(_udivsi3.o)
 .ARM.attributes
                0x0000073e       0x1e d:/microchip studio/7.0/toolchain/arm/arm-gnu-toolchain/bin/../lib/gcc/arm-none-eabi/6.3.1/thumb/v6-m\libgcc.a(_divsi3.o)
 .ARM.attributes
                0x0000075c       0x1e d:/microchip studio/7.0/toolchain/arm/arm-gnu-toolchain/bin/../lib/gcc/arm-none-eabi/6.3.1/thumb/v6-m\libgcc.a(_dvmd_tls.o)
 .ARM.attributes
                0x0000077a       0x2c d:/microchip studio/7.0/toolchain/arm/arm-gnu-toolchain/bin/../lib/gcc/arm-none-eabi/6.3.1/thumb/v6-m\libgcc.a(_muldi3.o)
 .ARM.attributes
                0x000007a6       0x2c d:/microchip studio/7.0/toolchain/arm/arm-gnu-toolchain/bin/../lib/gcc/arm-none-eabi/6.3.1/../../../../arm-none-eabi/lib/thumb/v6-m\libc_nano.a(lib_a-impure.o)
 .ARM.attributes
                0x000007d2       0x2c d:/microchip studio/7.0/toolchain/arm/arm-gnu-toolchain/bin/../lib/gcc/arm-none-eabi/6.3.1/../../../../arm-none-eabi/lib/thumb/v6-m\libc_nano.a(lib_a-init.o)
 .ARM.attributes
                0x000007fe       0x2c d:/microchip studio/7.0/toolchain/arm/arm-gnu-toolchain/bin/../lib/gcc/arm-none-eabi/6.3.1/../../../../arm-none-eabi/lib/thumb/v6-m\libc_nano.a(lib_a-malloc.o)
 .ARM.attributes
                0x0000082a       0x2c d:/microchip studio/7.0/toolchain/arm/arm-gnu-toolchain/bin/../lib/gcc/arm-none-eabi/6.3.1/../../../../arm-none-eabi/lib/thumb/v6-m\libc_nano.a(lib_a-memcpy-stub.o)
 .ARM.attributes
                0x00000856       0x2c d:/microchip studio/7.0/toolchain/arm/arm-gnu-toolchain/bin/../lib/gcc/arm-none-eabi/6.3.1/../../../../arm-none-eabi/lib/thumb/v6-m\libc_nano.a(lib_a-memset.o)
 .ARM.attributes
                0x00000882       0x2c d:/microchip studio/7.0/toolchain/arm/arm-gnu-toolchain/bin/../lib/gcc/arm-none-eabi/6.3.1/../../../../arm-none-eabi/lib/thumb/v6-m\libc_nano.a(lib_a-nano-freer.o)
 .ARM.attributes
                0x000008ae       0x2c d:/microchip studio/7.0/toolchain/arm/arm-gnu-toolchain/bin/../lib/gcc/arm-none-eabi/6.3.1/../../../../arm-none-eabi/lib/thumb/v6-m\libc_nano.a(lib_a-nano-mallocr.o)
 .ARM.attributes
                0x000008da       0x2c d:/microchip studio/7.0/toolchain/arm/arm-gnu-toolchain/bin/../lib/gcc/arm-none-eabi/6.3.1/../../../../arm-none-eabi/lib/thumb/v6-m\libc_nano.a(lib_a-sbrkr.o)
 .ARM.attributes
                0x00000906       0x2c d:/microchip studio/7.0/toolchain/arm/arm-gnu-toolchain/bin/../lib/gcc/arm-none-eabi/6.3.1/../../../../arm-none-eabi/lib/thumb/v6-m\libc_nano.a(lib_a-setbuf.o)
 .ARM.attributes
                0x00000932       0x2c d:/microchip studio/7.0/toolchain/arm/arm-gnu-toolchain/bin/../lib/gcc/arm-none-eabi/6.3.1/../../../../arm-none-eabi/lib/thumb/v6-m\libc_nano.a(lib_a-setvbuf.o)
 .ARM.attributes
                0x0000095e       0x1c d:/microchip studio/7.0/toolchain/arm/arm-gnu-toolchain/bin/../lib/gcc/arm-none-eabi/6.3.1/../../../../arm-none-eabi/lib/thumb/v6-m\libc_nano.a(lib_a-strlen.o)
 .ARM.attributes
                0x0000097a       0x2c d:/microchip studio/7.0/toolchain/arm/arm-gnu-toolchain/bin/../lib/gcc/arm-none-eabi/6.3.1/../../../../arm-none-eabi/lib/thumb/v6-m\libc_nano.a(lib_a-fflush.o)
 .ARM.attributes
                0x000009a6       0x2c d:/microchip studio/7.0/toolchain/arm/arm-gnu-toolchain/bin/../lib/gcc/arm-none-eabi/6.3.1/../../../../arm-none-eabi/lib/thumb/v6-m\libc_nano.a(lib_a-findfp.o)
 .ARM.attributes
                0x000009d2       0x2c d:/microchip studio/7.0/toolchain/arm/arm-gnu-toolchain/bin/../lib/gcc/arm-none-eabi/6.3.1/../../../../arm-none-eabi/lib/thumb/v6-m\libc_nano.a(lib_a-fwalk.o)
 .ARM.attributes
                0x000009fe       0x2c d:/microchip studio/7.0/toolchain/arm/arm-gnu-toolchain/bin/../lib/gcc/arm-none-eabi/6.3.1/../../../../arm-none-eabi/lib/thumb/v6-m\libc_nano.a(lib_a-makebuf.o)
 .ARM.attributes
                0x00000a2a       0x2c d:/microchip studio/7.0/toolchain/arm/arm-gnu-toolchain/bin/../lib/gcc/arm-none-eabi/6.3.1/../../../../arm-none-eabi/lib/thumb/v6-m\libc_nano.a(lib_a-mlock.o)
 .ARM.attributes
                0x00000a56       0x2c d:/microchip studio/7.0/toolchain/arm/arm-gnu-toolchain/bin/../lib/gcc/arm-none-eabi/6.3.1/../../../../arm-none-eabi/lib/thumb/v6-m\libc_nano.a(lib_a-reent.o)
 .ARM.attributes
                0x00000a82       0x2c d:/microchip studio/7.0/toolchain/arm/arm-gnu-toolchain/bin/../lib/gcc/arm-none-eabi/6.3.1/../../../../arm-none-eabi/lib/thumb/v6-m\libc_nano.a(lib_a-stdio.o)
 .ARM.attributes
                0x00000aae       0x2c d:/microchip studio/7.0/toolchain/arm/arm-gnu-toolchain/bin/../lib/gcc/arm-none-eabi/6.3.1/../../../../arm-none-eabi/lib/thumb/v6-m\libc_nano.a(lib_a-writer.o)
 .ARM.attributes
                0x00000ada       0x2c d:/microchip studio/7.0/toolchain/arm/arm-gnu-toolchain/bin/../lib/gcc/arm-none-eabi/6.3.1/../../../../arm-none-eabi/lib/thumb/v6-m\libc_nano.a(lib_a-closer.o)
 .ARM.attributes
                0x00000b06       0x2c d:/microchip studio/7.0/toolchain/arm/arm-gnu-toolchain/bin/../lib/gcc/arm-none-eabi/6.3.1/../../../../arm-none-eabi/lib/thumb/v6-m\libc_nano.a(lib_a-fstatr.o)
 .ARM.attributes
                0x00000b32       0x2c d:/microchip studio/7.0/toolchain/arm/arm-gnu-toolchain/bin/../lib/gcc/arm-none-eabi/6.3.1/../../../../arm-none-eabi/lib/thumb/v6-m\libc_nano.a(lib_a-lseekr.o)
 .ARM.attributes
                0x00000b5e       0x2c d:/microchip studio/7.0/toolchain/arm/arm-gnu-toolchain/bin/../lib/gcc/arm-none-eabi/6.3.1/../../../../arm-none-eabi/lib/thumb/v6-m\libc_nano.a(lib_a-readr.o)
 .ARM.attributes
                0x00000b8a       0x1e d:/microchip studio/7.0/toolchain/arm/arm-gnu-toolchain/bin/../lib/gcc/arm-none-eabi/6.3.1/thumb/v6-m/crtn.o

.comment        0x00000000       0x59
 .comment       0x00000000       0x59 src/ASF/common2/services/delay/sam0/systick_counter.o
                                 0x5a (size before relaxing)
 .comment       0x00000059       0x5a src/Systick/Systick.o
 .comment       0x00000059       0x5a src/ASF/sam0/boards/board_init.o
 .comment       0x00000059       0x5a src/ASF/sam0/drivers/dsu/crc32/crc32.o
 .comment       0x00000059       0x5a src/ASF/sam0/drivers/nvm/nvm.o
 .comment       0x00000059       0x5a src/ASF/sam0/drivers/pac/pac_sam_d_r_h/pac.o
 .comment       0x00000059       0x5a src/SD Card/SdCard.o
 .comment       0x00000059       0x5a src/SerialConsole/circular_buffer.o
 .comment       0x00000059       0x5a src/SerialConsole/SerialConsole.o
 .comment       0x00000059       0x5a src/ASF/common2/components/memory/sd_mmc/sd_mmc.o
 .comment       0x00000059       0x5a src/ASF/common2/components/memory/sd_mmc/sd_mmc_mem.o
 .comment       0x00000059       0x5a src/ASF/common2/components/memory/sd_mmc/sd_mmc_spi.o
 .comment       0x00000059       0x5a src/ASF/common/services/storage/ctrl_access/ctrl_access.o
 .comment       0x00000059       0x5a src/ASF/common/utils/interrupt/interrupt_sam_nvic.o
 .comment       0x00000059       0x5a src/ASF/sam0/drivers/port/port.o
 .comment       0x00000059       0x5a src/ASF/sam0/drivers/rtc/rtc_sam_d_r_h/rtc_calendar.o
 .comment       0x00000059       0x5a src/ASF/sam0/drivers/sercom/sercom.o
 .comment       0x00000059       0x5a src/ASF/sam0/drivers/sercom/sercom_interrupt.o
 .comment       0x00000059       0x5a src/ASF/sam0/drivers/sercom/spi/spi.o
 .comment       0x00000059       0x5a src/ASF/sam0/drivers/sercom/spi/spi_interrupt.o
 .comment       0x00000059       0x5a src/ASF/sam0/drivers/sercom/usart/usart.o
 .comment       0x00000059       0x5a src/ASF/sam0/drivers/sercom/usart/usart_interrupt.o
 .comment       0x00000059       0x5a src/ASF/sam0/drivers/system/clock/clock_samd21_r21_da_ha1/clock.o
 .comment       0x00000059       0x5a src/ASF/sam0/drivers/system/clock/clock_samd21_r21_da_ha1/gclk.o
 .comment       0x00000059       0x5a src/ASF/sam0/drivers/system/pinmux/pinmux.o
 .comment       0x00000059       0x5a src/ASF/sam0/drivers/system/system.o
 .comment       0x00000059       0x5a src/ASF/sam0/utils/cmsis/samd21/source/gcc/startup_samd21.o
 .comment       0x00000059       0x5a src/ASF/sam0/utils/stdio/read.o
 .comment       0x00000059       0x5a src/ASF/sam0/utils/stdio/write.o
 .comment       0x00000059       0x5a src/ASF/sam0/utils/syscalls/gcc/syscalls.o
 .comment       0x00000059       0x5a src/ASF/thirdparty/fatfs/fatfs-port-r0.09/diskio.o
 .comment       0x00000059       0x5a src/ASF/thirdparty/fatfs/fatfs-port-r0.09/sam0/fattime_rtc.o
 .comment       0x00000059       0x5a src/ASF/thirdparty/fatfs/fatfs-r0.09/src/ff.o
 .comment       0x00000059       0x5a src/ASF/thirdparty/fatfs/fatfs-r0.09/src/option/ccsbcs.o
 .comment       0x00000059       0x5a src/BootMain.o

.debug_info     0x00000000    0x4d92f
 .debug_info    0x00000000      0xb60 src/ASF/common2/services/delay/sam0/systick_counter.o
 .debug_info    0x00000b60     0x2db2 src/Systick/Systick.o
 .debug_info    0x00003912     0x12a7 src/ASF/sam0/boards/board_init.o
 .debug_info    0x00004bb9     0x1668 src/ASF/sam0/drivers/dsu/crc32/crc32.o
 .debug_info    0x00006221     0x2471 src/ASF/sam0/drivers/nvm/nvm.o
 .debug_info    0x00008692     0x15ec src/ASF/sam0/drivers/pac/pac_sam_d_r_h/pac.o
 .debug_info    0x00009c7e     0x29ef src/SD Card/SdCard.o
 .debug_info    0x0000c66d      0xd03 src/SerialConsole/circular_buffer.o
 .debug_info    0x0000d370     0x39a9 src/SerialConsole/SerialConsole.o
 .debug_info    0x00010d19     0x3c32 src/ASF/common2/components/memory/sd_mmc/sd_mmc.o
 .debug_info    0x0001494b      0xffe src/ASF/common2/components/memory/sd_mmc/sd_mmc_mem.o
 .debug_info    0x00015949     0x44c4 src/ASF/common2/components/memory/sd_mmc/sd_mmc_spi.o
 .debug_info    0x00019e0d      0xe61 src/ASF/common/services/storage/ctrl_access/ctrl_access.o
 .debug_info    0x0001ac6e      0xb0c src/ASF/common/utils/interrupt/interrupt_sam_nvic.o
 .debug_info    0x0001b77a     0x127c src/ASF/sam0/drivers/port/port.o
 .debug_info    0x0001c9f6     0x3104 src/ASF/sam0/drivers/rtc/rtc_sam_d_r_h/rtc_calendar.o
 .debug_info    0x0001fafa     0x2d91 src/ASF/sam0/drivers/sercom/sercom.o
 .debug_info    0x0002288b     0x2b6a src/ASF/sam0/drivers/sercom/sercom_interrupt.o
 .debug_info    0x000253f5     0x55cb src/ASF/sam0/drivers/sercom/spi/spi.o
 .debug_info    0x0002a9c0     0x3098 src/ASF/sam0/drivers/sercom/spi/spi_interrupt.o
 .debug_info    0x0002da58     0x4875 src/ASF/sam0/drivers/sercom/usart/usart.o
 .debug_info    0x000322cd     0x2f5b src/ASF/sam0/drivers/sercom/usart/usart_interrupt.o
 .debug_info    0x00035228     0x384e src/ASF/sam0/drivers/system/clock/clock_samd21_r21_da_ha1/clock.o
 .debug_info    0x00038a76     0x1d0b src/ASF/sam0/drivers/system/clock/clock_samd21_r21_da_ha1/gclk.o
 .debug_info    0x0003a781     0x13be src/ASF/sam0/drivers/system/pinmux/pinmux.o
 .debug_info    0x0003bb3f      0xa74 src/ASF/sam0/drivers/system/system.o
 .debug_info    0x0003c5b3     0x3a42 src/ASF/sam0/utils/cmsis/samd21/source/gcc/startup_samd21.o
 .debug_info    0x0003fff5      0xabf src/ASF/sam0/utils/stdio/read.o
 .debug_info    0x00040ab4      0xac8 src/ASF/sam0/utils/stdio/write.o
 .debug_info    0x0004157c      0xda1 src/ASF/sam0/utils/syscalls/gcc/syscalls.o
 .debug_info    0x0004231d     0x24a8 src/ASF/thirdparty/fatfs/fatfs-port-r0.09/diskio.o
 .debug_info    0x000447c5     0x1f20 src/ASF/thirdparty/fatfs/fatfs-port-r0.09/sam0/fattime_rtc.o
 .debug_info    0x000466e5     0x276d src/ASF/thirdparty/fatfs/fatfs-r0.09/src/ff.o
 .debug_info    0x00048e52      0x16a src/ASF/thirdparty/fatfs/fatfs-r0.09/src/option/ccsbcs.o
 .debug_info    0x00048fbc     0x4973 src/BootMain.o

.debug_abbrev   0x00000000     0x6277
 .debug_abbrev  0x00000000      0x22d src/ASF/common2/services/delay/sam0/systick_counter.o
 .debug_abbrev  0x0000022d      0x2f7 src/Systick/Systick.o
 .debug_abbrev  0x00000524      0x2a2 src/ASF/sam0/boards/board_init.o
 .debug_abbrev  0x000007c6      0x2d3 src/ASF/sam0/drivers/dsu/crc32/crc32.o
 .debug_abbrev  0x00000a99      0x36f src/ASF/sam0/drivers/nvm/nvm.o
 .debug_abbrev  0x00000e08      0x2ba src/ASF/sam0/drivers/pac/pac_sam_d_r_h/pac.o
 .debug_abbrev  0x000010c2      0x29c src/SD Card/SdCard.o
 .debug_abbrev  0x0000135e      0x211 src/SerialConsole/circular_buffer.o
 .debug_abbrev  0x0000156f      0x3d3 src/SerialConsole/SerialConsole.o
 .debug_abbrev  0x00001942      0x398 src/ASF/common2/components/memory/sd_mmc/sd_mmc.o
 .debug_abbrev  0x00001cda      0x23c src/ASF/common2/components/memory/sd_mmc/sd_mmc_mem.o
 .debug_abbrev  0x00001f16      0x40e src/ASF/common2/components/memory/sd_mmc/sd_mmc_spi.o
 .debug_abbrev  0x00002324      0x24f src/ASF/common/services/storage/ctrl_access/ctrl_access.o
 .debug_abbrev  0x00002573      0x22e src/ASF/common/utils/interrupt/interrupt_sam_nvic.o
 .debug_abbrev  0x000027a1      0x27b src/ASF/sam0/drivers/port/port.o
 .debug_abbrev  0x00002a1c      0x3ac src/ASF/sam0/drivers/rtc/rtc_sam_d_r_h/rtc_calendar.o
 .debug_abbrev  0x00002dc8      0x30e src/ASF/sam0/drivers/sercom/sercom.o
 .debug_abbrev  0x000030d6      0x2bf src/ASF/sam0/drivers/sercom/sercom_interrupt.o
 .debug_abbrev  0x00003395      0x3dd src/ASF/sam0/drivers/sercom/spi/spi.o
 .debug_abbrev  0x00003772      0x33b src/ASF/sam0/drivers/sercom/spi/spi_interrupt.o
 .debug_abbrev  0x00003aad      0x38f src/ASF/sam0/drivers/sercom/usart/usart.o
 .debug_abbrev  0x00003e3c      0x344 src/ASF/sam0/drivers/sercom/usart/usart_interrupt.o
 .debug_abbrev  0x00004180      0x3ab src/ASF/sam0/drivers/system/clock/clock_samd21_r21_da_ha1/clock.o
 .debug_abbrev  0x0000452b      0x37a src/ASF/sam0/drivers/system/clock/clock_samd21_r21_da_ha1/gclk.o
 .debug_abbrev  0x000048a5      0x2d7 src/ASF/sam0/drivers/system/pinmux/pinmux.o
 .debug_abbrev  0x00004b7c      0x1e1 src/ASF/sam0/drivers/system/system.o
 .debug_abbrev  0x00004d5d      0x227 src/ASF/sam0/utils/cmsis/samd21/source/gcc/startup_samd21.o
 .debug_abbrev  0x00004f84      0x1f4 src/ASF/sam0/utils/stdio/read.o
 .debug_abbrev  0x00005178      0x1f4 src/ASF/sam0/utils/stdio/write.o
 .debug_abbrev  0x0000536c      0x22a src/ASF/sam0/utils/syscalls/gcc/syscalls.o
 .debug_abbrev  0x00005596      0x36e src/ASF/thirdparty/fatfs/fatfs-port-r0.09/diskio.o
 .debug_abbrev  0x00005904      0x254 src/ASF/thirdparty/fatfs/fatfs-port-r0.09/sam0/fattime_rtc.o
 .debug_abbrev  0x00005b58      0x1f4 src/ASF/thirdparty/fatfs/fatfs-r0.09/src/ff.o
 .debug_abbrev  0x00005d4c       0xc7 src/ASF/thirdparty/fatfs/fatfs-r0.09/src/option/ccsbcs.o
 .debug_abbrev  0x00005e13      0x464 src/BootMain.o

.debug_loc      0x00000000     0x5b5d
 .debug_loc     0x00000000       0xd4 src/ASF/common2/services/delay/sam0/systick_counter.o
 .debug_loc     0x000000d4      0x164 src/Systick/Systick.o
 .debug_loc     0x00000238      0x118 src/ASF/sam0/boards/board_init.o
 .debug_loc     0x00000350       0x90 src/ASF/sam0/drivers/dsu/crc32/crc32.o
 .debug_loc     0x000003e0      0x332 src/ASF/sam0/drivers/nvm/nvm.o
 .debug_loc     0x00000712       0xa8 src/ASF/sam0/drivers/pac/pac_sam_d_r_h/pac.o
 .debug_loc     0x000007ba       0xa8 src/SD Card/SdCard.o
 .debug_loc     0x00000862      0x2a0 src/SerialConsole/circular_buffer.o
 .debug_loc     0x00000b02      0x51e src/SerialConsole/SerialConsole.o
 .debug_loc     0x00001020      0x98e src/ASF/common2/components/memory/sd_mmc/sd_mmc.o
 .debug_loc     0x000019ae      0x450 src/ASF/common2/components/memory/sd_mmc/sd_mmc_mem.o
 .debug_loc     0x00001dfe      0x736 src/ASF/common2/components/memory/sd_mmc/sd_mmc_spi.o